Archive member included to satisfy reference by file (symbol)

.\CortexM3\ARM_GCC_541\Debug\Transmitter.a(CyDmac.o)
                              .\CortexM3\ARM_GCC_541\Debug\Cm3Start.o (CyDmacConfigure)
.\CortexM3\ARM_GCC_541\Debug\Transmitter.a(CyLib.o)
                              .\CortexM3\ARM_GCC_541\Debug\Cm3Start.o (CyHalt)
.\CortexM3\ARM_GCC_541\Debug\Transmitter.a(cyPm.o)
                              .\CortexM3\ARM_GCC_541\Debug\Transmitter.a(CyLib.o) (CyPmReadStatus)
.\CortexM3\ARM_GCC_541\Debug\Transmitter.a(WaveDAC8_1.o)
                              .\CortexM3\ARM_GCC_541\Debug\main.o (WaveDAC8_1_Start)
.\CortexM3\ARM_GCC_541\Debug\Transmitter.a(WaveDAC8_1_Wave1_DMA_dma.o)
                              .\CortexM3\ARM_GCC_541\Debug\Transmitter.a(WaveDAC8_1.o) (WaveDAC8_1_Wave1_DMA_DmaInitialize)
.\CortexM3\ARM_GCC_541\Debug\Transmitter.a(WaveDAC8_1_Wave2_DMA_dma.o)
                              .\CortexM3\ARM_GCC_541\Debug\Transmitter.a(WaveDAC8_1.o) (WaveDAC8_1_Wave2_DMA_DmaInitialize)
.\CortexM3\ARM_GCC_541\Debug\Transmitter.a(WaveDAC8_1_VDAC8.o)
                              .\CortexM3\ARM_GCC_541\Debug\Transmitter.a(WaveDAC8_1.o) (WaveDAC8_1_VDAC8_Enable)
.\CortexM3\ARM_GCC_541\Debug\Transmitter.a(WaveDAC8_2.o)
                              .\CortexM3\ARM_GCC_541\Debug\main.o (WaveDAC8_2_Start)
.\CortexM3\ARM_GCC_541\Debug\Transmitter.a(UART_1.o)
                              .\CortexM3\ARM_GCC_541\Debug\main.o (UART_1_Start)
.\CortexM3\ARM_GCC_541\Debug\Transmitter.a(WaveDAC8_2_Wave1_DMA_dma.o)
                              .\CortexM3\ARM_GCC_541\Debug\Transmitter.a(WaveDAC8_2.o) (WaveDAC8_2_Wave1_DMA_DmaInitialize)
.\CortexM3\ARM_GCC_541\Debug\Transmitter.a(WaveDAC8_2_Wave2_DMA_dma.o)
                              .\CortexM3\ARM_GCC_541\Debug\Transmitter.a(WaveDAC8_2.o) (WaveDAC8_2_Wave2_DMA_DmaInitialize)
.\CortexM3\ARM_GCC_541\Debug\Transmitter.a(WaveDAC8_2_VDAC8.o)
                              .\CortexM3\ARM_GCC_541\Debug\Transmitter.a(WaveDAC8_2.o) (WaveDAC8_2_VDAC8_Enable)
.\CortexM3\ARM_GCC_541\Debug\Transmitter.a(UART_1_IntClock.o)
                              .\CortexM3\ARM_GCC_541\Debug\Transmitter.a(UART_1.o) (UART_1_IntClock_Start)
.\CortexM3\ARM_GCC_541\Debug\Transmitter.a(Clock_1.o)
                              .\CortexM3\ARM_GCC_541\Debug\main.o (Clock_1_Start)
.\CortexM3\ARM_GCC_541\Debug\Transmitter.a(Clock_2.o)
                              .\CortexM3\ARM_GCC_541\Debug\main.o (Clock_2_Start)
.\CortexM3\ARM_GCC_541\Debug\Transmitter.a(CyBootAsmGnu.o)
                              .\CortexM3\ARM_GCC_541\Debug\cyfitter_cfg.o (CyDelayCycles)
.\CortexM3\ARM_GCC_541\Debug\Transmitter.a(CyFlash.o)
                              .\CortexM3\ARM_GCC_541\Debug\Transmitter.a(cyPm.o) (CyFlash_SetWaitCycles)
.\CortexM3\ARM_GCC_541\Debug\Transmitter.a(CySpc.o)
                              .\CortexM3\ARM_GCC_541\Debug\Transmitter.a(CyFlash.o) (CySpcStart)
c:/program files (x86)/cypress/psoc creator/4.1/psoc creator/import/gnu/arm/5.4.1/bin/../lib/gcc/arm-none-eabi/5.4.1/../../../../arm-none-eabi/lib/armv7-m\libg_nano.a(lib_a-errno.o)
                              .\CortexM3\ARM_GCC_541\Debug\Cm3Start.o (__errno)
c:/program files (x86)/cypress/psoc creator/4.1/psoc creator/import/gnu/arm/5.4.1/bin/../lib/gcc/arm-none-eabi/5.4.1/../../../../arm-none-eabi/lib/armv7-m\libg_nano.a(lib_a-exit.o)
                              c:/program files (x86)/cypress/psoc creator/4.1/psoc creator/import/gnu/arm/5.4.1/bin/../lib/gcc/arm-none-eabi/5.4.1/../../../../arm-none-eabi/lib/armv7-m/crt0.o (exit)
c:/program files (x86)/cypress/psoc creator/4.1/psoc creator/import/gnu/arm/5.4.1/bin/../lib/gcc/arm-none-eabi/5.4.1/../../../../arm-none-eabi/lib/armv7-m\libg_nano.a(lib_a-impure.o)
                              c:/program files (x86)/cypress/psoc creator/4.1/psoc creator/import/gnu/arm/5.4.1/bin/../lib/gcc/arm-none-eabi/5.4.1/../../../../arm-none-eabi/lib/armv7-m\libg_nano.a(lib_a-exit.o) (_global_impure_ptr)
c:/program files (x86)/cypress/psoc creator/4.1/psoc creator/import/gnu/arm/5.4.1/bin/../lib/gcc/arm-none-eabi/5.4.1/../../../../arm-none-eabi/lib/armv7-m\libg_nano.a(lib_a-init.o)
                              c:/program files (x86)/cypress/psoc creator/4.1/psoc creator/import/gnu/arm/5.4.1/bin/../lib/gcc/arm-none-eabi/5.4.1/../../../../arm-none-eabi/lib/armv7-m/crt0.o (__libc_init_array)
c:/program files (x86)/cypress/psoc creator/4.1/psoc creator/import/gnu/arm/5.4.1/bin/../lib/gcc/arm-none-eabi/5.4.1/../../../../arm-none-eabi/lib/armv7-m\libg_nano.a(lib_a-memcpy-stub.o)
                              .\CortexM3\ARM_GCC_541\Debug\cyfitter_cfg.o (memcpy)
c:/program files (x86)/cypress/psoc creator/4.1/psoc creator/import/gnu/arm/5.4.1/bin/../lib/gcc/arm-none-eabi/5.4.1/../../../../arm-none-eabi/lib/armv7-m\libg_nano.a(lib_a-memset.o)
                              c:/program files (x86)/cypress/psoc creator/4.1/psoc creator/import/gnu/arm/5.4.1/bin/../lib/gcc/arm-none-eabi/5.4.1/../../../../arm-none-eabi/lib/armv7-m/crt0.o (memset)

Allocating common symbols
Common symbol       size              file

dieTemperature      0x2               .\CortexM3\ARM_GCC_541\Debug\Transmitter.a(CyFlash.o)

Discarded input sections

 .text          0x00000000        0x0 c:/program files (x86)/cypress/psoc creator/4.1/psoc creator/import/gnu/arm/5.4.1/bin/../lib/gcc/arm-none-eabi/5.4.1/armv7-m/crti.o
 .data          0x00000000        0x0 c:/program files (x86)/cypress/psoc creator/4.1/psoc creator/import/gnu/arm/5.4.1/bin/../lib/gcc/arm-none-eabi/5.4.1/armv7-m/crti.o
 .bss           0x00000000        0x0 c:/program files (x86)/cypress/psoc creator/4.1/psoc creator/import/gnu/arm/5.4.1/bin/../lib/gcc/arm-none-eabi/5.4.1/armv7-m/crti.o
 .data          0x00000000        0x4 c:/program files (x86)/cypress/psoc creator/4.1/psoc creator/import/gnu/arm/5.4.1/bin/../lib/gcc/arm-none-eabi/5.4.1/armv7-m/crtbegin.o
 .text          0x00000000       0x74 c:/program files (x86)/cypress/psoc creator/4.1/psoc creator/import/gnu/arm/5.4.1/bin/../lib/gcc/arm-none-eabi/5.4.1/../../../../arm-none-eabi/lib/armv7-m/crt0.o
 .data          0x00000000        0x0 c:/program files (x86)/cypress/psoc creator/4.1/psoc creator/import/gnu/arm/5.4.1/bin/../lib/gcc/arm-none-eabi/5.4.1/../../../../arm-none-eabi/lib/armv7-m/crt0.o
 .bss           0x00000000        0x0 c:/program files (x86)/cypress/psoc creator/4.1/psoc creator/import/gnu/arm/5.4.1/bin/../lib/gcc/arm-none-eabi/5.4.1/../../../../arm-none-eabi/lib/armv7-m/crt0.o
 .ARM.extab     0x00000000        0x0 c:/program files (x86)/cypress/psoc creator/4.1/psoc creator/import/gnu/arm/5.4.1/bin/../lib/gcc/arm-none-eabi/5.4.1/../../../../arm-none-eabi/lib/armv7-m/crt0.o
 .ARM.exidx     0x00000000        0x8 c:/program files (x86)/cypress/psoc creator/4.1/psoc creator/import/gnu/arm/5.4.1/bin/../lib/gcc/arm-none-eabi/5.4.1/../../../../arm-none-eabi/lib/armv7-m/crt0.o
 .text          0x00000000        0x0 .\CortexM3\ARM_GCC_541\Debug\main.o
 .data          0x00000000        0x0 .\CortexM3\ARM_GCC_541\Debug\main.o
 .bss           0x00000000        0x0 .\CortexM3\ARM_GCC_541\Debug\main.o
 .text          0x00000000        0x0 .\CortexM3\ARM_GCC_541\Debug\cyfitter_cfg.o
 .data          0x00000000        0x0 .\CortexM3\ARM_GCC_541\Debug\cyfitter_cfg.o
 .bss           0x00000000        0x0 .\CortexM3\ARM_GCC_541\Debug\cyfitter_cfg.o
 .text.SetAnalogRoutingPumps
                0x00000000       0x1c .\CortexM3\ARM_GCC_541\Debug\cyfitter_cfg.o
 .text          0x00000000        0x0 .\CortexM3\ARM_GCC_541\Debug\cymetadata.o
 .data          0x00000000        0x0 .\CortexM3\ARM_GCC_541\Debug\cymetadata.o
 .bss           0x00000000        0x0 .\CortexM3\ARM_GCC_541\Debug\cymetadata.o
 .text          0x00000000        0x0 .\CortexM3\ARM_GCC_541\Debug\Cm3Start.o
 .data          0x00000000        0x4 .\CortexM3\ARM_GCC_541\Debug\Cm3Start.o
 .bss           0x00000000        0x0 .\CortexM3\ARM_GCC_541\Debug\Cm3Start.o
 .text._exit    0x00000000        0xc .\CortexM3\ARM_GCC_541\Debug\Cm3Start.o
 .text._sbrk    0x00000000       0x30 .\CortexM3\ARM_GCC_541\Debug\Cm3Start.o
 .text          0x00000000        0x0 .\CortexM3\ARM_GCC_541\Debug\Transmitter.a(CyDmac.o)
 .bss           0x00000000        0x0 .\CortexM3\ARM_GCC_541\Debug\Transmitter.a(CyDmac.o)
 .text.CyDmacError
                0x00000000       0x10 .\CortexM3\ARM_GCC_541\Debug\Transmitter.a(CyDmac.o)
 .text.CyDmacClearError
                0x00000000       0x10 .\CortexM3\ARM_GCC_541\Debug\Transmitter.a(CyDmac.o)
 .text.CyDmacErrorAddress
                0x00000000        0xc .\CortexM3\ARM_GCC_541\Debug\Transmitter.a(CyDmac.o)
 .text.CyDmaChAlloc
                0x00000000       0x38 .\CortexM3\ARM_GCC_541\Debug\Transmitter.a(CyDmac.o)
 .text.CyDmaChFree
                0x00000000       0x2c .\CortexM3\ARM_GCC_541\Debug\Transmitter.a(CyDmac.o)
 .text.CyDmaChDisable
                0x00000000       0x24 .\CortexM3\ARM_GCC_541\Debug\Transmitter.a(CyDmac.o)
 .text.CyDmaClearPendingDrq
                0x00000000       0x28 .\CortexM3\ARM_GCC_541\Debug\Transmitter.a(CyDmac.o)
 .text.CyDmaChSetRequest
                0x00000000       0x20 .\CortexM3\ARM_GCC_541\Debug\Transmitter.a(CyDmac.o)
 .text.CyDmaChGetRequest
                0x00000000       0x1c .\CortexM3\ARM_GCC_541\Debug\Transmitter.a(CyDmac.o)
 .text.CyDmaChStatus
                0x00000000       0x30 .\CortexM3\ARM_GCC_541\Debug\Transmitter.a(CyDmac.o)
 .text.CyDmaTdFree
                0x00000000       0x34 .\CortexM3\ARM_GCC_541\Debug\Transmitter.a(CyDmac.o)
 .text.CyDmaTdFreeCount
                0x00000000       0x10 .\CortexM3\ARM_GCC_541\Debug\Transmitter.a(CyDmac.o)
 .text.CyDmaTdGetConfiguration
                0x00000000       0x4c .\CortexM3\ARM_GCC_541\Debug\Transmitter.a(CyDmac.o)
 .text.CyDmaTdGetAddress
                0x00000000       0x34 .\CortexM3\ARM_GCC_541\Debug\Transmitter.a(CyDmac.o)
 .text.CyDmaChRoundRobin
                0x00000000       0x30 .\CortexM3\ARM_GCC_541\Debug\Transmitter.a(CyDmac.o)
 .text          0x00000000        0x0 .\CortexM3\ARM_GCC_541\Debug\Transmitter.a(CyLib.o)
 .data          0x00000000       0x10 .\CortexM3\ARM_GCC_541\Debug\Transmitter.a(CyLib.o)
 .bss           0x00000000       0x1c .\CortexM3\ARM_GCC_541\Debug\Transmitter.a(CyLib.o)
 .text.CyUSB_PowerOnCheck
                0x00000000       0x48 .\CortexM3\ARM_GCC_541\Debug\Transmitter.a(CyLib.o)
 .text.CyBusClk_Internal_SetDivider
                0x00000000       0x48 .\CortexM3\ARM_GCC_541\Debug\Transmitter.a(CyLib.o)
 .text.CyPLL_OUT_Stop
                0x00000000       0x10 .\CortexM3\ARM_GCC_541\Debug\Transmitter.a(CyLib.o)
 .text.CyIMO_Stop
                0x00000000       0x1c .\CortexM3\ARM_GCC_541\Debug\Transmitter.a(CyLib.o)
 .text.CyIMO_EnableDoubler
                0x00000000       0x10 .\CortexM3\ARM_GCC_541\Debug\Transmitter.a(CyLib.o)
 .text.CyIMO_DisableDoubler
                0x00000000       0x10 .\CortexM3\ARM_GCC_541\Debug\Transmitter.a(CyLib.o)
 .text.CyMasterClk_SetSource
                0x00000000       0x18 .\CortexM3\ARM_GCC_541\Debug\Transmitter.a(CyLib.o)
 .text.CyMasterClk_SetDivider
                0x00000000        0xc .\CortexM3\ARM_GCC_541\Debug\Transmitter.a(CyLib.o)
 .text.CyBusClk_SetDivider
                0x00000000       0x70 .\CortexM3\ARM_GCC_541\Debug\Transmitter.a(CyLib.o)
 .text.CyUsbClk_SetSource
                0x00000000       0x18 .\CortexM3\ARM_GCC_541\Debug\Transmitter.a(CyLib.o)
 .text.CyILO_Start1K
                0x00000000       0x10 .\CortexM3\ARM_GCC_541\Debug\Transmitter.a(CyLib.o)
 .text.CyILO_Stop1K
                0x00000000       0x10 .\CortexM3\ARM_GCC_541\Debug\Transmitter.a(CyLib.o)
 .text.CyILO_Start100K
                0x00000000       0x10 .\CortexM3\ARM_GCC_541\Debug\Transmitter.a(CyLib.o)
 .text.CyILO_Stop100K
                0x00000000       0x10 .\CortexM3\ARM_GCC_541\Debug\Transmitter.a(CyLib.o)
 .text.CyPLL_OUT_Start
                0x00000000       0x78 .\CortexM3\ARM_GCC_541\Debug\Transmitter.a(CyLib.o)
 .text.CyIMO_Start
                0x00000000       0x60 .\CortexM3\ARM_GCC_541\Debug\Transmitter.a(CyLib.o)
 .text.CyILO_Enable33K
                0x00000000       0x10 .\CortexM3\ARM_GCC_541\Debug\Transmitter.a(CyLib.o)
 .text.CyILO_Disable33K
                0x00000000       0x10 .\CortexM3\ARM_GCC_541\Debug\Transmitter.a(CyLib.o)
 .text.CyILO_SetSource
                0x00000000       0x18 .\CortexM3\ARM_GCC_541\Debug\Transmitter.a(CyLib.o)
 .text.CyILO_SetPowerMode
                0x00000000       0x24 .\CortexM3\ARM_GCC_541\Debug\Transmitter.a(CyLib.o)
 .text.CyXTAL_32KHZ_Stop
                0x00000000       0x30 .\CortexM3\ARM_GCC_541\Debug\Transmitter.a(CyLib.o)
 .text.CyXTAL_32KHZ_ReadStatus
                0x00000000       0x10 .\CortexM3\ARM_GCC_541\Debug\Transmitter.a(CyLib.o)
 .text.CyXTAL_Start
                0x00000000       0xac .\CortexM3\ARM_GCC_541\Debug\Transmitter.a(CyLib.o)
 .text.CyXTAL_Stop
                0x00000000       0x10 .\CortexM3\ARM_GCC_541\Debug\Transmitter.a(CyLib.o)
 .text.CyXTAL_EnableErrStatus
                0x00000000       0x10 .\CortexM3\ARM_GCC_541\Debug\Transmitter.a(CyLib.o)
 .text.CyXTAL_DisableErrStatus
                0x00000000       0x10 .\CortexM3\ARM_GCC_541\Debug\Transmitter.a(CyLib.o)
 .text.CyXTAL_ReadStatus
                0x00000000       0x18 .\CortexM3\ARM_GCC_541\Debug\Transmitter.a(CyLib.o)
 .text.CyXTAL_EnableFaultRecovery
                0x00000000       0x10 .\CortexM3\ARM_GCC_541\Debug\Transmitter.a(CyLib.o)
 .text.CyXTAL_DisableFaultRecovery
                0x00000000       0x10 .\CortexM3\ARM_GCC_541\Debug\Transmitter.a(CyLib.o)
 .text.CyXTAL_SetStartup
                0x00000000       0x18 .\CortexM3\ARM_GCC_541\Debug\Transmitter.a(CyLib.o)
 .text.CyXTAL_SetFbVoltage
                0x00000000       0x18 .\CortexM3\ARM_GCC_541\Debug\Transmitter.a(CyLib.o)
 .text.CyXTAL_SetWdVoltage
                0x00000000       0x18 .\CortexM3\ARM_GCC_541\Debug\Transmitter.a(CyLib.o)
 .text.CyHalt   0x00000000        0x4 .\CortexM3\ARM_GCC_541\Debug\Transmitter.a(CyLib.o)
 .text.CyPLL_OUT_SetPQ
                0x00000000       0x60 .\CortexM3\ARM_GCC_541\Debug\Transmitter.a(CyLib.o)
 .text.CyPLL_OUT_SetSource
                0x00000000       0x34 .\CortexM3\ARM_GCC_541\Debug\Transmitter.a(CyLib.o)
 .text.CyIMO_SetTrimValue
                0x00000000       0xcc .\CortexM3\ARM_GCC_541\Debug\Transmitter.a(CyLib.o)
 .text.CyIMO_SetFreq
                0x00000000       0xf4 .\CortexM3\ARM_GCC_541\Debug\Transmitter.a(CyLib.o)
 .text.CyIMO_SetSource
                0x00000000       0x58 .\CortexM3\ARM_GCC_541\Debug\Transmitter.a(CyLib.o)
 .text.CySoftwareReset
                0x00000000       0x10 .\CortexM3\ARM_GCC_541\Debug\Transmitter.a(CyLib.o)
 .text.CyDelay  0x00000000       0x2c .\CortexM3\ARM_GCC_541\Debug\Transmitter.a(CyLib.o)
 .text.CyDelayUs
                0x00000000       0x14 .\CortexM3\ARM_GCC_541\Debug\Transmitter.a(CyLib.o)
 .text.CyXTAL_32KHZ_SetPowerMode
                0x00000000       0x84 .\CortexM3\ARM_GCC_541\Debug\Transmitter.a(CyLib.o)
 .text.CyXTAL_32KHZ_Start
                0x00000000       0x74 .\CortexM3\ARM_GCC_541\Debug\Transmitter.a(CyLib.o)
 .text.CyDelayFreq
                0x00000000       0x4c .\CortexM3\ARM_GCC_541\Debug\Transmitter.a(CyLib.o)
 .text.CyWdtStart
                0x00000000       0x40 .\CortexM3\ARM_GCC_541\Debug\Transmitter.a(CyLib.o)
 .text.CyWdtClear
                0x00000000        0xc .\CortexM3\ARM_GCC_541\Debug\Transmitter.a(CyLib.o)
 .text.CyVdStickyStatus
                0x00000000       0x2c .\CortexM3\ARM_GCC_541\Debug\Transmitter.a(CyLib.o)
 .text.CyVdLvDigitEnable
                0x00000000       0x84 .\CortexM3\ARM_GCC_541\Debug\Transmitter.a(CyLib.o)
 .text.CyVdLvAnalogEnable
                0x00000000       0x80 .\CortexM3\ARM_GCC_541\Debug\Transmitter.a(CyLib.o)
 .text.CyVdLvDigitDisable
                0x00000000       0x30 .\CortexM3\ARM_GCC_541\Debug\Transmitter.a(CyLib.o)
 .text.CyVdLvAnalogDisable
                0x00000000       0x28 .\CortexM3\ARM_GCC_541\Debug\Transmitter.a(CyLib.o)
 .text.CyVdHvAnalogEnable
                0x00000000       0x54 .\CortexM3\ARM_GCC_541\Debug\Transmitter.a(CyLib.o)
 .text.CyVdHvAnalogDisable
                0x00000000       0x20 .\CortexM3\ARM_GCC_541\Debug\Transmitter.a(CyLib.o)
 .text.CyVdRealTimeStatus
                0x00000000       0x1c .\CortexM3\ARM_GCC_541\Debug\Transmitter.a(CyLib.o)
 .text.CyDisableInts
                0x00000000       0x1c .\CortexM3\ARM_GCC_541\Debug\Transmitter.a(CyLib.o)
 .text.CyEnableInts
                0x00000000       0x18 .\CortexM3\ARM_GCC_541\Debug\Transmitter.a(CyLib.o)
 .text.CyFlushCache
                0x00000000       0x44 .\CortexM3\ARM_GCC_541\Debug\Transmitter.a(CyLib.o)
 .text.CyIntSetSysVector
                0x00000000       0x28 .\CortexM3\ARM_GCC_541\Debug\Transmitter.a(CyLib.o)
 .text.CyIntGetSysVector
                0x00000000       0x20 .\CortexM3\ARM_GCC_541\Debug\Transmitter.a(CyLib.o)
 .text.CyIntSetVector
                0x00000000       0x28 .\CortexM3\ARM_GCC_541\Debug\Transmitter.a(CyLib.o)
 .text.CyIntGetVector
                0x00000000       0x24 .\CortexM3\ARM_GCC_541\Debug\Transmitter.a(CyLib.o)
 .text.CyIntSetPriority
                0x00000000       0x30 .\CortexM3\ARM_GCC_541\Debug\Transmitter.a(CyLib.o)
 .text.CyIntGetPriority
                0x00000000       0x20 .\CortexM3\ARM_GCC_541\Debug\Transmitter.a(CyLib.o)
 .text.CyIntGetState
                0x00000000       0x24 .\CortexM3\ARM_GCC_541\Debug\Transmitter.a(CyLib.o)
 .text.CySysTickStop
                0x00000000       0x10 .\CortexM3\ARM_GCC_541\Debug\Transmitter.a(CyLib.o)
 .text.CySysTickEnableInterrupt
                0x00000000       0x10 .\CortexM3\ARM_GCC_541\Debug\Transmitter.a(CyLib.o)
 .text.CySysTickEnable
                0x00000000       0x18 .\CortexM3\ARM_GCC_541\Debug\Transmitter.a(CyLib.o)
 .text.CySysTickDisableInterrupt
                0x00000000       0x10 .\CortexM3\ARM_GCC_541\Debug\Transmitter.a(CyLib.o)
 .text.CySysTickSetReload
                0x00000000       0x10 .\CortexM3\ARM_GCC_541\Debug\Transmitter.a(CyLib.o)
 .text.CySysTickGetReload
                0x00000000       0x10 .\CortexM3\ARM_GCC_541\Debug\Transmitter.a(CyLib.o)
 .text.CySysTickGetValue
                0x00000000       0x10 .\CortexM3\ARM_GCC_541\Debug\Transmitter.a(CyLib.o)
 .text.CySysTickSetClockSource
                0x00000000       0x20 .\CortexM3\ARM_GCC_541\Debug\Transmitter.a(CyLib.o)
 .text.CySysTickGetClockSource
                0x00000000       0x10 .\CortexM3\ARM_GCC_541\Debug\Transmitter.a(CyLib.o)
 .text.CySysTickGetCountFlag
                0x00000000       0x10 .\CortexM3\ARM_GCC_541\Debug\Transmitter.a(CyLib.o)
 .text.CySysTickServiceCallbacks
                0x00000000       0x28 .\CortexM3\ARM_GCC_541\Debug\Transmitter.a(CyLib.o)
 .text.CySysTickClear
                0x00000000        0xc .\CortexM3\ARM_GCC_541\Debug\Transmitter.a(CyLib.o)
 .text.CySysTickInit
                0x00000000       0x58 .\CortexM3\ARM_GCC_541\Debug\Transmitter.a(CyLib.o)
 .text.CySysTickStart
                0x00000000       0x1c .\CortexM3\ARM_GCC_541\Debug\Transmitter.a(CyLib.o)
 .text.CySysTickSetCallback
                0x00000000       0x10 .\CortexM3\ARM_GCC_541\Debug\Transmitter.a(CyLib.o)
 .text.CySysTickGetCallback
                0x00000000       0x10 .\CortexM3\ARM_GCC_541\Debug\Transmitter.a(CyLib.o)
 .text.CyGetUniqueId
                0x00000000       0x70 .\CortexM3\ARM_GCC_541\Debug\Transmitter.a(CyLib.o)
 .text          0x00000000        0x0 .\CortexM3\ARM_GCC_541\Debug\Transmitter.a(cyPm.o)
 .data          0x00000000        0x0 .\CortexM3\ARM_GCC_541\Debug\Transmitter.a(cyPm.o)
 .bss           0x00000000       0x43 .\CortexM3\ARM_GCC_541\Debug\Transmitter.a(cyPm.o)
 .text.CyPmHibSlpSaveSet
                0x00000000      0x1dc .\CortexM3\ARM_GCC_541\Debug\Transmitter.a(cyPm.o)
 .text.CyPmHibSlpRestore
                0x00000000       0xd8 .\CortexM3\ARM_GCC_541\Debug\Transmitter.a(cyPm.o)
 .text.CyPmHviLviSaveDisable
                0x00000000       0xa0 .\CortexM3\ARM_GCC_541\Debug\Transmitter.a(cyPm.o)
 .text.CyPmHibSaveSet
                0x00000000       0x98 .\CortexM3\ARM_GCC_541\Debug\Transmitter.a(cyPm.o)
 .text.CyPmHviLviRestore
                0x00000000       0x48 .\CortexM3\ARM_GCC_541\Debug\Transmitter.a(cyPm.o)
 .text.CyPmHibRestore
                0x00000000       0x60 .\CortexM3\ARM_GCC_541\Debug\Transmitter.a(cyPm.o)
 .text.CyPmSaveClocks
                0x00000000      0x218 .\CortexM3\ARM_GCC_541\Debug\Transmitter.a(cyPm.o)
 .text.CyPmRestoreClocks
                0x00000000      0x24c .\CortexM3\ARM_GCC_541\Debug\Transmitter.a(cyPm.o)
 .text.CyPmAltAct
                0x00000000       0x6c .\CortexM3\ARM_GCC_541\Debug\Transmitter.a(cyPm.o)
 .text.CyPmSleep
                0x00000000       0xf4 .\CortexM3\ARM_GCC_541\Debug\Transmitter.a(cyPm.o)
 .text.CyPmHibernateEx
                0x00000000       0xf4 .\CortexM3\ARM_GCC_541\Debug\Transmitter.a(cyPm.o)
 .text.CyPmHibernate
                0x00000000        0xc .\CortexM3\ARM_GCC_541\Debug\Transmitter.a(cyPm.o)
 .text.CyPmReadStatus
                0x00000000       0x30 .\CortexM3\ARM_GCC_541\Debug\Transmitter.a(cyPm.o)
 .text.CyPmCtwSetInterval
                0x00000000       0x5c .\CortexM3\ARM_GCC_541\Debug\Transmitter.a(cyPm.o)
 .text.CyPmOppsSet
                0x00000000       0x2c .\CortexM3\ARM_GCC_541\Debug\Transmitter.a(cyPm.o)
 .text.CyPmFtwSetInterval
                0x00000000       0x5c .\CortexM3\ARM_GCC_541\Debug\Transmitter.a(cyPm.o)
 .rodata        0x00000000        0xf .\CortexM3\ARM_GCC_541\Debug\Transmitter.a(cyPm.o)
 .text          0x00000000        0x0 .\CortexM3\ARM_GCC_541\Debug\Transmitter.a(WaveDAC8_1.o)
 .data          0x00000000        0x0 .\CortexM3\ARM_GCC_541\Debug\Transmitter.a(WaveDAC8_1.o)
 .text.WaveDAC8_1_Stop
                0x00000000       0x1c .\CortexM3\ARM_GCC_541\Debug\Transmitter.a(WaveDAC8_1.o)
 .text.WaveDAC8_1_StartEx
                0x00000000       0x18 .\CortexM3\ARM_GCC_541\Debug\Transmitter.a(WaveDAC8_1.o)
 .text          0x00000000        0x0 .\CortexM3\ARM_GCC_541\Debug\Transmitter.a(WaveDAC8_1_Wave1_DMA_dma.o)
 .bss           0x00000000        0x0 .\CortexM3\ARM_GCC_541\Debug\Transmitter.a(WaveDAC8_1_Wave1_DMA_dma.o)
 .text.WaveDAC8_1_Wave1_DMA_DmaRelease
                0x00000000       0x10 .\CortexM3\ARM_GCC_541\Debug\Transmitter.a(WaveDAC8_1_Wave1_DMA_dma.o)
 .text          0x00000000        0x0 .\CortexM3\ARM_GCC_541\Debug\Transmitter.a(WaveDAC8_1_Wave2_DMA_dma.o)
 .bss           0x00000000        0x0 .\CortexM3\ARM_GCC_541\Debug\Transmitter.a(WaveDAC8_1_Wave2_DMA_dma.o)
 .text.WaveDAC8_1_Wave2_DMA_DmaRelease
                0x00000000       0x10 .\CortexM3\ARM_GCC_541\Debug\Transmitter.a(WaveDAC8_1_Wave2_DMA_dma.o)
 .text          0x00000000        0x0 .\CortexM3\ARM_GCC_541\Debug\Transmitter.a(WaveDAC8_1_VDAC8.o)
 .data          0x00000000        0x0 .\CortexM3\ARM_GCC_541\Debug\Transmitter.a(WaveDAC8_1_VDAC8.o)
 .bss           0x00000000        0x1 .\CortexM3\ARM_GCC_541\Debug\Transmitter.a(WaveDAC8_1_VDAC8.o)
 .text.WaveDAC8_1_VDAC8_Stop
                0x00000000       0x1c .\CortexM3\ARM_GCC_541\Debug\Transmitter.a(WaveDAC8_1_VDAC8.o)
 .text.WaveDAC8_1_VDAC8_Start
                0x00000000       0x24 .\CortexM3\ARM_GCC_541\Debug\Transmitter.a(WaveDAC8_1_VDAC8.o)
 .text          0x00000000        0x0 .\CortexM3\ARM_GCC_541\Debug\Transmitter.a(WaveDAC8_2.o)
 .data          0x00000000        0x0 .\CortexM3\ARM_GCC_541\Debug\Transmitter.a(WaveDAC8_2.o)
 .text.WaveDAC8_2_Stop
                0x00000000       0x1c .\CortexM3\ARM_GCC_541\Debug\Transmitter.a(WaveDAC8_2.o)
 .text.WaveDAC8_2_StartEx
                0x00000000       0x18 .\CortexM3\ARM_GCC_541\Debug\Transmitter.a(WaveDAC8_2.o)
 .text          0x00000000        0x0 .\CortexM3\ARM_GCC_541\Debug\Transmitter.a(UART_1.o)
 .data          0x00000000        0x0 .\CortexM3\ARM_GCC_541\Debug\Transmitter.a(UART_1.o)
 .text.UART_1_Stop
                0x00000000       0x3c .\CortexM3\ARM_GCC_541\Debug\Transmitter.a(UART_1.o)
 .text.UART_1_ReadControlRegister
                0x00000000        0x4 .\CortexM3\ARM_GCC_541\Debug\Transmitter.a(UART_1.o)
 .text.UART_1_WriteControlRegister
                0x00000000        0x4 .\CortexM3\ARM_GCC_541\Debug\Transmitter.a(UART_1.o)
 .text.UART_1_SetRxInterruptMode
                0x00000000        0xc .\CortexM3\ARM_GCC_541\Debug\Transmitter.a(UART_1.o)
 .text.UART_1_ReadRxData
                0x00000000        0xc .\CortexM3\ARM_GCC_541\Debug\Transmitter.a(UART_1.o)
 .text.UART_1_ReadRxStatus
                0x00000000       0x10 .\CortexM3\ARM_GCC_541\Debug\Transmitter.a(UART_1.o)
 .text.UART_1_GetByte
                0x00000000       0x14 .\CortexM3\ARM_GCC_541\Debug\Transmitter.a(UART_1.o)
 .text.UART_1_GetRxBufferSize
                0x00000000       0x18 .\CortexM3\ARM_GCC_541\Debug\Transmitter.a(UART_1.o)
 .text.UART_1_ClearRxBuffer
                0x00000000       0x24 .\CortexM3\ARM_GCC_541\Debug\Transmitter.a(UART_1.o)
 .text.UART_1_SetRxAddressMode
                0x00000000        0x4 .\CortexM3\ARM_GCC_541\Debug\Transmitter.a(UART_1.o)
 .text.UART_1_SetRxAddress1
                0x00000000        0xc .\CortexM3\ARM_GCC_541\Debug\Transmitter.a(UART_1.o)
 .text.UART_1_SetRxAddress2
                0x00000000        0xc .\CortexM3\ARM_GCC_541\Debug\Transmitter.a(UART_1.o)
 .text.UART_1_SetTxInterruptMode
                0x00000000        0xc .\CortexM3\ARM_GCC_541\Debug\Transmitter.a(UART_1.o)
 .text.UART_1_WriteTxData
                0x00000000       0x14 .\CortexM3\ARM_GCC_541\Debug\Transmitter.a(UART_1.o)
 .text.UART_1_ReadTxStatus
                0x00000000        0xc .\CortexM3\ARM_GCC_541\Debug\Transmitter.a(UART_1.o)
 .text.UART_1_PutChar
                0x00000000       0x18 .\CortexM3\ARM_GCC_541\Debug\Transmitter.a(UART_1.o)
 .text.UART_1_PutString
                0x00000000       0x24 .\CortexM3\ARM_GCC_541\Debug\Transmitter.a(UART_1.o)
 .text.UART_1_PutArray
                0x00000000       0x28 .\CortexM3\ARM_GCC_541\Debug\Transmitter.a(UART_1.o)
 .text.UART_1_PutCRLF
                0x00000000       0x20 .\CortexM3\ARM_GCC_541\Debug\Transmitter.a(UART_1.o)
 .text.UART_1_GetTxBufferSize
                0x00000000       0x24 .\CortexM3\ARM_GCC_541\Debug\Transmitter.a(UART_1.o)
 .text.UART_1_ClearTxBuffer
                0x00000000       0x24 .\CortexM3\ARM_GCC_541\Debug\Transmitter.a(UART_1.o)
 .text.UART_1_SendBreak
                0x00000000       0x58 .\CortexM3\ARM_GCC_541\Debug\Transmitter.a(UART_1.o)
 .text.UART_1_SetTxAddressMode
                0x00000000        0x4 .\CortexM3\ARM_GCC_541\Debug\Transmitter.a(UART_1.o)
 .text          0x00000000        0x0 .\CortexM3\ARM_GCC_541\Debug\Transmitter.a(WaveDAC8_2_Wave1_DMA_dma.o)
 .bss           0x00000000        0x0 .\CortexM3\ARM_GCC_541\Debug\Transmitter.a(WaveDAC8_2_Wave1_DMA_dma.o)
 .text.WaveDAC8_2_Wave1_DMA_DmaRelease
                0x00000000       0x10 .\CortexM3\ARM_GCC_541\Debug\Transmitter.a(WaveDAC8_2_Wave1_DMA_dma.o)
 .text          0x00000000        0x0 .\CortexM3\ARM_GCC_541\Debug\Transmitter.a(WaveDAC8_2_Wave2_DMA_dma.o)
 .bss           0x00000000        0x0 .\CortexM3\ARM_GCC_541\Debug\Transmitter.a(WaveDAC8_2_Wave2_DMA_dma.o)
 .text.WaveDAC8_2_Wave2_DMA_DmaRelease
                0x00000000       0x10 .\CortexM3\ARM_GCC_541\Debug\Transmitter.a(WaveDAC8_2_Wave2_DMA_dma.o)
 .text          0x00000000        0x0 .\CortexM3\ARM_GCC_541\Debug\Transmitter.a(WaveDAC8_2_VDAC8.o)
 .data          0x00000000        0x0 .\CortexM3\ARM_GCC_541\Debug\Transmitter.a(WaveDAC8_2_VDAC8.o)
 .bss           0x00000000        0x1 .\CortexM3\ARM_GCC_541\Debug\Transmitter.a(WaveDAC8_2_VDAC8.o)
 .text.WaveDAC8_2_VDAC8_Stop
                0x00000000       0x1c .\CortexM3\ARM_GCC_541\Debug\Transmitter.a(WaveDAC8_2_VDAC8.o)
 .text.WaveDAC8_2_VDAC8_Start
                0x00000000       0x24 .\CortexM3\ARM_GCC_541\Debug\Transmitter.a(WaveDAC8_2_VDAC8.o)
 .text          0x00000000        0x0 .\CortexM3\ARM_GCC_541\Debug\Transmitter.a(UART_1_IntClock.o)
 .data          0x00000000        0x0 .\CortexM3\ARM_GCC_541\Debug\Transmitter.a(UART_1_IntClock.o)
 .bss           0x00000000        0x0 .\CortexM3\ARM_GCC_541\Debug\Transmitter.a(UART_1_IntClock.o)
 .text.UART_1_IntClock_Stop
                0x00000000       0x1c .\CortexM3\ARM_GCC_541\Debug\Transmitter.a(UART_1_IntClock.o)
 .text.UART_1_IntClock_StopBlock
                0x00000000       0x6c .\CortexM3\ARM_GCC_541\Debug\Transmitter.a(UART_1_IntClock.o)
 .text.UART_1_IntClock_StandbyPower
                0x00000000       0x20 .\CortexM3\ARM_GCC_541\Debug\Transmitter.a(UART_1_IntClock.o)
 .text.UART_1_IntClock_GetDividerRegister
                0x00000000        0xc .\CortexM3\ARM_GCC_541\Debug\Transmitter.a(UART_1_IntClock.o)
 .text.UART_1_IntClock_SetModeRegister
                0x00000000       0x14 .\CortexM3\ARM_GCC_541\Debug\Transmitter.a(UART_1_IntClock.o)
 .text.UART_1_IntClock_ClearModeRegister
                0x00000000       0x18 .\CortexM3\ARM_GCC_541\Debug\Transmitter.a(UART_1_IntClock.o)
 .text.UART_1_IntClock_GetModeRegister
                0x00000000       0x10 .\CortexM3\ARM_GCC_541\Debug\Transmitter.a(UART_1_IntClock.o)
 .text.UART_1_IntClock_GetSourceRegister
                0x00000000       0x10 .\CortexM3\ARM_GCC_541\Debug\Transmitter.a(UART_1_IntClock.o)
 .text.UART_1_IntClock_SetDividerRegister
                0x00000000       0xdc .\CortexM3\ARM_GCC_541\Debug\Transmitter.a(UART_1_IntClock.o)
 .text.UART_1_IntClock_SetSourceRegister
                0x00000000       0x5c .\CortexM3\ARM_GCC_541\Debug\Transmitter.a(UART_1_IntClock.o)
 .text          0x00000000        0x0 .\CortexM3\ARM_GCC_541\Debug\Transmitter.a(Clock_1.o)
 .data          0x00000000        0x0 .\CortexM3\ARM_GCC_541\Debug\Transmitter.a(Clock_1.o)
 .bss           0x00000000        0x0 .\CortexM3\ARM_GCC_541\Debug\Transmitter.a(Clock_1.o)
 .text.Clock_1_Stop
                0x00000000       0x1c .\CortexM3\ARM_GCC_541\Debug\Transmitter.a(Clock_1.o)
 .text.Clock_1_StopBlock
                0x00000000       0x6c .\CortexM3\ARM_GCC_541\Debug\Transmitter.a(Clock_1.o)
 .text.Clock_1_StandbyPower
                0x00000000       0x20 .\CortexM3\ARM_GCC_541\Debug\Transmitter.a(Clock_1.o)
 .text.Clock_1_GetDividerRegister
                0x00000000        0xc .\CortexM3\ARM_GCC_541\Debug\Transmitter.a(Clock_1.o)
 .text.Clock_1_SetModeRegister
                0x00000000       0x14 .\CortexM3\ARM_GCC_541\Debug\Transmitter.a(Clock_1.o)
 .text.Clock_1_ClearModeRegister
                0x00000000       0x18 .\CortexM3\ARM_GCC_541\Debug\Transmitter.a(Clock_1.o)
 .text.Clock_1_GetModeRegister
                0x00000000       0x10 .\CortexM3\ARM_GCC_541\Debug\Transmitter.a(Clock_1.o)
 .text.Clock_1_GetSourceRegister
                0x00000000       0x10 .\CortexM3\ARM_GCC_541\Debug\Transmitter.a(Clock_1.o)
 .text.Clock_1_SetDividerRegister
                0x00000000       0xd8 .\CortexM3\ARM_GCC_541\Debug\Transmitter.a(Clock_1.o)
 .text.Clock_1_SetSourceRegister
                0x00000000       0x5c .\CortexM3\ARM_GCC_541\Debug\Transmitter.a(Clock_1.o)
 .text          0x00000000        0x0 .\CortexM3\ARM_GCC_541\Debug\Transmitter.a(Clock_2.o)
 .data          0x00000000        0x0 .\CortexM3\ARM_GCC_541\Debug\Transmitter.a(Clock_2.o)
 .bss           0x00000000        0x0 .\CortexM3\ARM_GCC_541\Debug\Transmitter.a(Clock_2.o)
 .text.Clock_2_Stop
                0x00000000       0x1c .\CortexM3\ARM_GCC_541\Debug\Transmitter.a(Clock_2.o)
 .text.Clock_2_StopBlock
                0x00000000       0x6c .\CortexM3\ARM_GCC_541\Debug\Transmitter.a(Clock_2.o)
 .text.Clock_2_StandbyPower
                0x00000000       0x20 .\CortexM3\ARM_GCC_541\Debug\Transmitter.a(Clock_2.o)
 .text.Clock_2_GetDividerRegister
                0x00000000        0xc .\CortexM3\ARM_GCC_541\Debug\Transmitter.a(Clock_2.o)
 .text.Clock_2_SetModeRegister
                0x00000000       0x14 .\CortexM3\ARM_GCC_541\Debug\Transmitter.a(Clock_2.o)
 .text.Clock_2_ClearModeRegister
                0x00000000       0x18 .\CortexM3\ARM_GCC_541\Debug\Transmitter.a(Clock_2.o)
 .text.Clock_2_GetModeRegister
                0x00000000       0x10 .\CortexM3\ARM_GCC_541\Debug\Transmitter.a(Clock_2.o)
 .text.Clock_2_GetSourceRegister
                0x00000000       0x10 .\CortexM3\ARM_GCC_541\Debug\Transmitter.a(Clock_2.o)
 .text.Clock_2_SetDividerRegister
                0x00000000       0xdc .\CortexM3\ARM_GCC_541\Debug\Transmitter.a(Clock_2.o)
 .text.Clock_2_SetSourceRegister
                0x00000000       0x5c .\CortexM3\ARM_GCC_541\Debug\Transmitter.a(Clock_2.o)
 .data          0x00000000        0x0 .\CortexM3\ARM_GCC_541\Debug\Transmitter.a(CyBootAsmGnu.o)
 .bss           0x00000000        0x0 .\CortexM3\ARM_GCC_541\Debug\Transmitter.a(CyBootAsmGnu.o)
 .text          0x00000000        0x0 .\CortexM3\ARM_GCC_541\Debug\Transmitter.a(CyFlash.o)
 .data          0x00000000        0x0 .\CortexM3\ARM_GCC_541\Debug\Transmitter.a(CyFlash.o)
 .bss           0x00000000        0x0 .\CortexM3\ARM_GCC_541\Debug\Transmitter.a(CyFlash.o)
 .text.CyFlashGetSpcAlgorithm
                0x00000000       0x4c .\CortexM3\ARM_GCC_541\Debug\Transmitter.a(CyFlash.o)
 .text.CySetTempInt
                0x00000000       0x60 .\CortexM3\ARM_GCC_541\Debug\Transmitter.a(CyFlash.o)
 .text.CyFlash_Start
                0x00000000       0x54 .\CortexM3\ARM_GCC_541\Debug\Transmitter.a(CyFlash.o)
 .text.CyFlash_Stop
                0x00000000       0x24 .\CortexM3\ARM_GCC_541\Debug\Transmitter.a(CyFlash.o)
 .text.CySetTemp
                0x00000000       0x14 .\CortexM3\ARM_GCC_541\Debug\Transmitter.a(CyFlash.o)
 .text.CySetFlashEEBuffer
                0x00000000       0x20 .\CortexM3\ARM_GCC_541\Debug\Transmitter.a(CyFlash.o)
 .text.CyWriteRowFull
                0x00000000       0xf8 .\CortexM3\ARM_GCC_541\Debug\Transmitter.a(CyFlash.o)
 .text.CyWriteRowData
                0x00000000       0x14 .\CortexM3\ARM_GCC_541\Debug\Transmitter.a(CyFlash.o)
 .text.CyFlash_SetWaitCycles
                0x00000000       0x7c .\CortexM3\ARM_GCC_541\Debug\Transmitter.a(CyFlash.o)
 .text.CyEEPROM_Start
                0x00000000       0x54 .\CortexM3\ARM_GCC_541\Debug\Transmitter.a(CyFlash.o)
 .text.CyEEPROM_Stop
                0x00000000       0x24 .\CortexM3\ARM_GCC_541\Debug\Transmitter.a(CyFlash.o)
 .text.CyEEPROM_ReadReserve
                0x00000000       0x1c .\CortexM3\ARM_GCC_541\Debug\Transmitter.a(CyFlash.o)
 .text.CyEEPROM_ReadRelease
                0x00000000       0x10 .\CortexM3\ARM_GCC_541\Debug\Transmitter.a(CyFlash.o)
 COMMON         0x00000000        0x2 .\CortexM3\ARM_GCC_541\Debug\Transmitter.a(CyFlash.o)
 .text          0x00000000        0x0 .\CortexM3\ARM_GCC_541\Debug\Transmitter.a(CySpc.o)
 .data          0x00000000        0x0 .\CortexM3\ARM_GCC_541\Debug\Transmitter.a(CySpc.o)
 .bss           0x00000000        0x8 .\CortexM3\ARM_GCC_541\Debug\Transmitter.a(CySpc.o)
 .text.CySpcStart
                0x00000000       0x24 .\CortexM3\ARM_GCC_541\Debug\Transmitter.a(CySpc.o)
 .text.CySpcStop
                0x00000000       0x24 .\CortexM3\ARM_GCC_541\Debug\Transmitter.a(CySpc.o)
 .text.CySpcReadData
                0x00000000       0x34 .\CortexM3\ARM_GCC_541\Debug\Transmitter.a(CySpc.o)
 .text.CySpcLoadMultiByte
                0x00000000       0x78 .\CortexM3\ARM_GCC_541\Debug\Transmitter.a(CySpc.o)
 .text.CySpcLoadRow
                0x00000000       0x50 .\CortexM3\ARM_GCC_541\Debug\Transmitter.a(CySpc.o)
 .text.CySpcLoadRowFull
                0x00000000       0x80 .\CortexM3\ARM_GCC_541\Debug\Transmitter.a(CySpc.o)
 .text.CySpcWriteRow
                0x00000000       0x4c .\CortexM3\ARM_GCC_541\Debug\Transmitter.a(CySpc.o)
 .text.CySpcEraseSector
                0x00000000       0x3c .\CortexM3\ARM_GCC_541\Debug\Transmitter.a(CySpc.o)
 .text.CySpcGetTemp
                0x00000000       0x3c .\CortexM3\ARM_GCC_541\Debug\Transmitter.a(CySpc.o)
 .text.CySpcLock
                0x00000000       0x4c .\CortexM3\ARM_GCC_541\Debug\Transmitter.a(CySpc.o)
 .text.CySpcUnlock
                0x00000000       0x38 .\CortexM3\ARM_GCC_541\Debug\Transmitter.a(CySpc.o)
 .text.CySpcGetAlgorithm
                0x00000000       0x28 .\CortexM3\ARM_GCC_541\Debug\Transmitter.a(CySpc.o)
 .text          0x00000000        0x0 c:/program files (x86)/cypress/psoc creator/4.1/psoc creator/import/gnu/arm/5.4.1/bin/../lib/gcc/arm-none-eabi/5.4.1/../../../../arm-none-eabi/lib/armv7-m\libg_nano.a(lib_a-errno.o)
 .data          0x00000000        0x0 c:/program files (x86)/cypress/psoc creator/4.1/psoc creator/import/gnu/arm/5.4.1/bin/../lib/gcc/arm-none-eabi/5.4.1/../../../../arm-none-eabi/lib/armv7-m\libg_nano.a(lib_a-errno.o)
 .bss           0x00000000        0x0 c:/program files (x86)/cypress/psoc creator/4.1/psoc creator/import/gnu/arm/5.4.1/bin/../lib/gcc/arm-none-eabi/5.4.1/../../../../arm-none-eabi/lib/armv7-m\libg_nano.a(lib_a-errno.o)
 .text          0x00000000        0x0 c:/program files (x86)/cypress/psoc creator/4.1/psoc creator/import/gnu/arm/5.4.1/bin/../lib/gcc/arm-none-eabi/5.4.1/../../../../arm-none-eabi/lib/armv7-m\libg_nano.a(lib_a-exit.o)
 .data          0x00000000        0x0 c:/program files (x86)/cypress/psoc creator/4.1/psoc creator/import/gnu/arm/5.4.1/bin/../lib/gcc/arm-none-eabi/5.4.1/../../../../arm-none-eabi/lib/armv7-m\libg_nano.a(lib_a-exit.o)
 .bss           0x00000000        0x0 c:/program files (x86)/cypress/psoc creator/4.1/psoc creator/import/gnu/arm/5.4.1/bin/../lib/gcc/arm-none-eabi/5.4.1/../../../../arm-none-eabi/lib/armv7-m\libg_nano.a(lib_a-exit.o)
 .text.exit     0x00000000       0x28 c:/program files (x86)/cypress/psoc creator/4.1/psoc creator/import/gnu/arm/5.4.1/bin/../lib/gcc/arm-none-eabi/5.4.1/../../../../arm-none-eabi/lib/armv7-m\libg_nano.a(lib_a-exit.o)
 .text          0x00000000        0x0 c:/program files (x86)/cypress/psoc creator/4.1/psoc creator/import/gnu/arm/5.4.1/bin/../lib/gcc/arm-none-eabi/5.4.1/../../../../arm-none-eabi/lib/armv7-m\libg_nano.a(lib_a-impure.o)
 .data          0x00000000        0x0 c:/program files (x86)/cypress/psoc creator/4.1/psoc creator/import/gnu/arm/5.4.1/bin/../lib/gcc/arm-none-eabi/5.4.1/../../../../arm-none-eabi/lib/armv7-m\libg_nano.a(lib_a-impure.o)
 .bss           0x00000000        0x0 c:/program files (x86)/cypress/psoc creator/4.1/psoc creator/import/gnu/arm/5.4.1/bin/../lib/gcc/arm-none-eabi/5.4.1/../../../../arm-none-eabi/lib/armv7-m\libg_nano.a(lib_a-impure.o)
 .rodata._global_impure_ptr
                0x00000000        0x4 c:/program files (x86)/cypress/psoc creator/4.1/psoc creator/import/gnu/arm/5.4.1/bin/../lib/gcc/arm-none-eabi/5.4.1/../../../../arm-none-eabi/lib/armv7-m\libg_nano.a(lib_a-impure.o)
 .text          0x00000000        0x0 c:/program files (x86)/cypress/psoc creator/4.1/psoc creator/import/gnu/arm/5.4.1/bin/../lib/gcc/arm-none-eabi/5.4.1/../../../../arm-none-eabi/lib/armv7-m\libg_nano.a(lib_a-init.o)
 .data          0x00000000        0x0 c:/program files (x86)/cypress/psoc creator/4.1/psoc creator/import/gnu/arm/5.4.1/bin/../lib/gcc/arm-none-eabi/5.4.1/../../../../arm-none-eabi/lib/armv7-m\libg_nano.a(lib_a-init.o)
 .bss           0x00000000        0x0 c:/program files (x86)/cypress/psoc creator/4.1/psoc creator/import/gnu/arm/5.4.1/bin/../lib/gcc/arm-none-eabi/5.4.1/../../../../arm-none-eabi/lib/armv7-m\libg_nano.a(lib_a-init.o)
 .text          0x00000000        0x0 c:/program files (x86)/cypress/psoc creator/4.1/psoc creator/import/gnu/arm/5.4.1/bin/../lib/gcc/arm-none-eabi/5.4.1/../../../../arm-none-eabi/lib/armv7-m\libg_nano.a(lib_a-memcpy-stub.o)
 .data          0x00000000        0x0 c:/program files (x86)/cypress/psoc creator/4.1/psoc creator/import/gnu/arm/5.4.1/bin/../lib/gcc/arm-none-eabi/5.4.1/../../../../arm-none-eabi/lib/armv7-m\libg_nano.a(lib_a-memcpy-stub.o)
 .bss           0x00000000        0x0 c:/program files (x86)/cypress/psoc creator/4.1/psoc creator/import/gnu/arm/5.4.1/bin/../lib/gcc/arm-none-eabi/5.4.1/../../../../arm-none-eabi/lib/armv7-m\libg_nano.a(lib_a-memcpy-stub.o)
 .text          0x00000000        0x0 c:/program files (x86)/cypress/psoc creator/4.1/psoc creator/import/gnu/arm/5.4.1/bin/../lib/gcc/arm-none-eabi/5.4.1/../../../../arm-none-eabi/lib/armv7-m\libg_nano.a(lib_a-memset.o)
 .data          0x00000000        0x0 c:/program files (x86)/cypress/psoc creator/4.1/psoc creator/import/gnu/arm/5.4.1/bin/../lib/gcc/arm-none-eabi/5.4.1/../../../../arm-none-eabi/lib/armv7-m\libg_nano.a(lib_a-memset.o)
 .bss           0x00000000        0x0 c:/program files (x86)/cypress/psoc creator/4.1/psoc creator/import/gnu/arm/5.4.1/bin/../lib/gcc/arm-none-eabi/5.4.1/../../../../arm-none-eabi/lib/armv7-m\libg_nano.a(lib_a-memset.o)
 .text          0x00000000        0x0 c:/program files (x86)/cypress/psoc creator/4.1/psoc creator/import/gnu/arm/5.4.1/bin/../lib/gcc/arm-none-eabi/5.4.1/armv7-m/crtend.o
 .data          0x00000000        0x0 c:/program files (x86)/cypress/psoc creator/4.1/psoc creator/import/gnu/arm/5.4.1/bin/../lib/gcc/arm-none-eabi/5.4.1/armv7-m/crtend.o
 .bss           0x00000000        0x0 c:/program files (x86)/cypress/psoc creator/4.1/psoc creator/import/gnu/arm/5.4.1/bin/../lib/gcc/arm-none-eabi/5.4.1/armv7-m/crtend.o
 .text          0x00000000        0x0 c:/program files (x86)/cypress/psoc creator/4.1/psoc creator/import/gnu/arm/5.4.1/bin/../lib/gcc/arm-none-eabi/5.4.1/armv7-m/crtn.o
 .data          0x00000000        0x0 c:/program files (x86)/cypress/psoc creator/4.1/psoc creator/import/gnu/arm/5.4.1/bin/../lib/gcc/arm-none-eabi/5.4.1/armv7-m/crtn.o
 .bss           0x00000000        0x0 c:/program files (x86)/cypress/psoc creator/4.1/psoc creator/import/gnu/arm/5.4.1/bin/../lib/gcc/arm-none-eabi/5.4.1/armv7-m/crtn.o

Memory Configuration

Name             Origin             Length             Attributes
rom              0x00000000         0x00040000         xr
ram              0x1fff8000         0x00010000         xrw
*default*        0x00000000         0xffffffff

Linker script and memory map

LOAD c:/program files (x86)/cypress/psoc creator/4.1/psoc creator/import/gnu/arm/5.4.1/bin/../lib/gcc/arm-none-eabi/5.4.1/armv7-m/crti.o
LOAD c:/program files (x86)/cypress/psoc creator/4.1/psoc creator/import/gnu/arm/5.4.1/bin/../lib/gcc/arm-none-eabi/5.4.1/armv7-m/crtbegin.o
LOAD c:/program files (x86)/cypress/psoc creator/4.1/psoc creator/import/gnu/arm/5.4.1/bin/../lib/gcc/arm-none-eabi/5.4.1/../../../../arm-none-eabi/lib/armv7-m/crt0.o
START GROUP
LOAD .\CortexM3\ARM_GCC_541\Debug\main.o
LOAD .\CortexM3\ARM_GCC_541\Debug\cyfitter_cfg.o
LOAD .\CortexM3\ARM_GCC_541\Debug\cymetadata.o
LOAD .\CortexM3\ARM_GCC_541\Debug\Cm3Start.o
LOAD .\CortexM3\ARM_GCC_541\Debug\Transmitter.a
LOAD C:\Program Files (x86)\Cypress\PSoC Creator\4.1\PSoC Creator\psoc\content\cycomponentlibrary\CyComponentLibrary.cylib\CortexM3\ARM_GCC_541\Debug\CyComponentLibrary.a
END GROUP
START GROUP
LOAD c:/program files (x86)/cypress/psoc creator/4.1/psoc creator/import/gnu/arm/5.4.1/bin/../lib/gcc/arm-none-eabi/5.4.1/armv7-m\libgcc.a
LOAD c:/program files (x86)/cypress/psoc creator/4.1/psoc creator/import/gnu/arm/5.4.1/bin/../lib/gcc/arm-none-eabi/5.4.1/../../../../arm-none-eabi/lib/armv7-m\libg_nano.a
LOAD c:/program files (x86)/cypress/psoc creator/4.1/psoc creator/import/gnu/arm/5.4.1/bin/../lib/gcc/arm-none-eabi/5.4.1/../../../../arm-none-eabi/lib/armv7-m\libc_nano.a
END GROUP
START GROUP
LOAD c:/program files (x86)/cypress/psoc creator/4.1/psoc creator/import/gnu/arm/5.4.1/bin/../lib/gcc/arm-none-eabi/5.4.1/armv7-m\libgcc.a
LOAD c:/program files (x86)/cypress/psoc creator/4.1/psoc creator/import/gnu/arm/5.4.1/bin/../lib/gcc/arm-none-eabi/5.4.1/../../../../arm-none-eabi/lib/armv7-m\libc_nano.a
END GROUP
LOAD c:/program files (x86)/cypress/psoc creator/4.1/psoc creator/import/gnu/arm/5.4.1/bin/../lib/gcc/arm-none-eabi/5.4.1/armv7-m/crtend.o
LOAD c:/program files (x86)/cypress/psoc creator/4.1/psoc creator/import/gnu/arm/5.4.1/bin/../lib/gcc/arm-none-eabi/5.4.1/armv7-m/crtn.o
START GROUP
LOAD c:/program files (x86)/cypress/psoc creator/4.1/psoc creator/import/gnu/arm/5.4.1/bin/../lib/gcc/arm-none-eabi/5.4.1/armv7-m\libgcc.a
LOAD c:/program files (x86)/cypress/psoc creator/4.1/psoc creator/import/gnu/arm/5.4.1/bin/../lib/gcc/arm-none-eabi/5.4.1/../../../../arm-none-eabi/lib/armv7-m\libc.a
LOAD c:/program files (x86)/cypress/psoc creator/4.1/psoc creator/import/gnu/arm/5.4.1/bin/../lib/gcc/arm-none-eabi/5.4.1/../../../../arm-none-eabi/lib/armv7-m\libnosys.a
END GROUP
                0x00000000                CY_APPL_ORIGIN = 0x0
                0x00000100                CY_FLASH_ROW_SIZE = 0x100
                0x00000020                CY_ECC_ROW_SIZE = 0x20
                0x00000000                CY_EE_IN_BTLDR = 0x0
                0x00000000                CY_APPL_LOADABLE = 0x0
                0x00000800                CY_EE_SIZE = 0x800
                0x00000001                CY_APPL_NUM = 0x1
                0x00000001                CY_APPL_MAX = 0x1
                0x00000040                CY_METADATA_SIZE = 0x40
                0x00000000                CY_APPL_LOADABLE = 0x0
                0x00000000                CY_CHECKSUM_EXCLUDE_SIZE = ALIGN (0x0, CY_FLASH_ROW_SIZE)
                [!provide]                PROVIDE (__cy_heap_start, _end)
                0x00000001                PROVIDE (__cy_region_num, ((__cy_regions_end - __cy_regions) / 0x10))
                0x20008000                PROVIDE (__cy_stack, (ORIGIN (ram) + LENGTH (ram)))
                [!provide]                PROVIDE (__cy_heap_end, (__cy_stack - 0x800))

.cybootloader   0x00000000        0x0
 *(.cybootloader)
                0x00000000                appl1_start = CY_APPL_ORIGIN?CY_APPL_ORIGIN:ALIGN (CY_FLASH_ROW_SIZE)
                0x0001ff00                appl2_start = (appl1_start + ALIGN ((((LENGTH (rom) - appl1_start) - (0x2 * CY_FLASH_ROW_SIZE)) / 0x2), CY_FLASH_ROW_SIZE))
                0x00000000                appl_start = (CY_APPL_NUM == 0x1)?appl1_start:appl2_start
                0x00000000                ecc_offset = ((appl_start / CY_FLASH_ROW_SIZE) * CY_ECC_ROW_SIZE)
                0x00000000                ee_offset = (CY_APPL_LOADABLE && ! (CY_EE_IN_BTLDR))?((CY_EE_SIZE / CY_APPL_MAX) * (CY_APPL_NUM - 0x1)):0x0
                0x00000800                ee_size = (CY_APPL_LOADABLE && ! (CY_EE_IN_BTLDR))?(CY_EE_SIZE / CY_APPL_MAX):CY_EE_SIZE
                [!provide]                PROVIDE (CY_ECC_OFFSET, ecc_offset)

.text           0x00000000      0xbb6
 CREATE_OBJECT_SYMBOLS
                0x00000000                PROVIDE (__cy_interrupt_vector, RomVectors)
 *(.romvectors)
 .romvectors    0x00000000       0x10 .\CortexM3\ARM_GCC_541\Debug\Cm3Start.o
                0x00000000                RomVectors
                0x00000001                ASSERT ((. != __cy_interrupt_vector), No interrupt vector)
                0x00000001                ASSERT (CY_APPL_ORIGIN?(SIZEOF (.cybootloader) <= CY_APPL_ORIGIN):0x1, Wrong image location)
                0x00000010                PROVIDE (__cy_reset, Reset)
 *(.text.Reset)
 .text.Reset    0x00000010       0x18 .\CortexM3\ARM_GCC_541\Debug\Cm3Start.o
                0x00000010                Reset
                0x00000001                ASSERT ((. != __cy_reset), No reset code)
 *(.dma_init)
                0x00000001                ASSERT ((((appl_start + .) <= 0x10000) || 0x1), DMA Init must be within the first 64k of flash)
 *(.text .text.* .gnu.linkonce.t.*)
 .text          0x00000028       0x5c c:/program files (x86)/cypress/psoc creator/4.1/psoc creator/import/gnu/arm/5.4.1/bin/../lib/gcc/arm-none-eabi/5.4.1/armv7-m/crtbegin.o
 .text.main     0x00000084       0x20 .\CortexM3\ARM_GCC_541\Debug\main.o
                0x00000084                main
 .text.CyClockStartupError
                0x000000a4        0x4 .\CortexM3\ARM_GCC_541\Debug\cyfitter_cfg.o
 .text.cfg_write_bytes32
                0x000000a8       0x34 .\CortexM3\ARM_GCC_541\Debug\cyfitter_cfg.o
 .text.AnalogSetDefault
                0x000000dc       0x44 .\CortexM3\ARM_GCC_541\Debug\cyfitter_cfg.o
 .text.CYMEMZERO
                0x00000120        0xc .\CortexM3\ARM_GCC_541\Debug\cyfitter_cfg.o
 .text.ClockSetup
                0x0000012c       0xd4 .\CortexM3\ARM_GCC_541\Debug\cyfitter_cfg.o
 .text.CYCONFIGCPY
                0x00000200        0x8 .\CortexM3\ARM_GCC_541\Debug\cyfitter_cfg.o
 .text.cyfitter_cfg
                0x00000208      0x164 .\CortexM3\ARM_GCC_541\Debug\cyfitter_cfg.o
                0x00000208                cyfitter_cfg
 .text.IntDefaultHandler
                0x0000036c       0x10 .\CortexM3\ARM_GCC_541\Debug\Cm3Start.o
                0x0000036c                IntDefaultHandler
 .text.Start_c  0x0000037c       0x4c .\CortexM3\ARM_GCC_541\Debug\Cm3Start.o
                0x0000037c                Start_c
 .text.initialize_psoc
                0x000003c8       0x6c .\CortexM3\ARM_GCC_541\Debug\Cm3Start.o
                0x000003c8                initialize_psoc
 .text.CyDmacConfigure
                0x00000434       0x34 .\CortexM3\ARM_GCC_541\Debug\Transmitter.a(CyDmac.o)
                0x00000434                CyDmacConfigure
 .text.CyDmaChEnable
                0x00000468       0x38 .\CortexM3\ARM_GCC_541\Debug\Transmitter.a(CyDmac.o)
                0x00000468                CyDmaChEnable
 .text.CyDmaChPriority
                0x000004a0       0x24 .\CortexM3\ARM_GCC_541\Debug\Transmitter.a(CyDmac.o)
                0x000004a0                CyDmaChPriority
 .text.CyDmaChSetExtendedAddress
                0x000004c4       0x34 .\CortexM3\ARM_GCC_541\Debug\Transmitter.a(CyDmac.o)
                0x000004c4                CyDmaChSetExtendedAddress
 .text.CyDmaChSetInitialTd
                0x000004f8       0x18 .\CortexM3\ARM_GCC_541\Debug\Transmitter.a(CyDmac.o)
                0x000004f8                CyDmaChSetInitialTd
 .text.CyDmaChSetConfiguration
                0x00000510       0x44 .\CortexM3\ARM_GCC_541\Debug\Transmitter.a(CyDmac.o)
                0x00000510                CyDmaChSetConfiguration
 .text.CyDmaTdAllocate
                0x00000554       0x34 .\CortexM3\ARM_GCC_541\Debug\Transmitter.a(CyDmac.o)
                0x00000554                CyDmaTdAllocate
 .text.CyDmaTdSetConfiguration
                0x00000588       0x28 .\CortexM3\ARM_GCC_541\Debug\Transmitter.a(CyDmac.o)
                0x00000588                CyDmaTdSetConfiguration
 .text.CyDmaTdSetAddress
                0x000005b0       0x1c .\CortexM3\ARM_GCC_541\Debug\Transmitter.a(CyDmac.o)
                0x000005b0                CyDmaTdSetAddress
 .text.WaveDAC8_1_Enable
                0x000005cc       0x24 .\CortexM3\ARM_GCC_541\Debug\Transmitter.a(WaveDAC8_1.o)
                0x000005cc                WaveDAC8_1_Enable
 .text.WaveDAC8_1_Wave1Setup
                0x000005f0       0x40 .\CortexM3\ARM_GCC_541\Debug\Transmitter.a(WaveDAC8_1.o)
                0x000005f0                WaveDAC8_1_Wave1Setup
 .text.WaveDAC8_1_Wave2Setup
                0x00000630       0x40 .\CortexM3\ARM_GCC_541\Debug\Transmitter.a(WaveDAC8_1.o)
                0x00000630                WaveDAC8_1_Wave2Setup
 .text.WaveDAC8_1_Init
                0x00000670       0x3c .\CortexM3\ARM_GCC_541\Debug\Transmitter.a(WaveDAC8_1.o)
                0x00000670                WaveDAC8_1_Init
 .text.WaveDAC8_1_Start
                0x000006ac       0x1c .\CortexM3\ARM_GCC_541\Debug\Transmitter.a(WaveDAC8_1.o)
                0x000006ac                WaveDAC8_1_Start
 .text.WaveDAC8_1_Wave1_DMA_DmaInitialize
                0x000006c8       0x3c .\CortexM3\ARM_GCC_541\Debug\Transmitter.a(WaveDAC8_1_Wave1_DMA_dma.o)
                0x000006c8                WaveDAC8_1_Wave1_DMA_DmaInitialize
 .text.WaveDAC8_1_Wave2_DMA_DmaInitialize
                0x00000704       0x3c .\CortexM3\ARM_GCC_541\Debug\Transmitter.a(WaveDAC8_1_Wave2_DMA_dma.o)
                0x00000704                WaveDAC8_1_Wave2_DMA_DmaInitialize
 .text.WaveDAC8_1_VDAC8_Enable
                0x00000740       0x1c .\CortexM3\ARM_GCC_541\Debug\Transmitter.a(WaveDAC8_1_VDAC8.o)
                0x00000740                WaveDAC8_1_VDAC8_Enable
 .text.WaveDAC8_1_VDAC8_SetSpeed
                0x0000075c       0x1c .\CortexM3\ARM_GCC_541\Debug\Transmitter.a(WaveDAC8_1_VDAC8.o)
                0x0000075c                WaveDAC8_1_VDAC8_SetSpeed
 .text.WaveDAC8_1_VDAC8_SetValue
                0x00000778        0xc .\CortexM3\ARM_GCC_541\Debug\Transmitter.a(WaveDAC8_1_VDAC8.o)
                0x00000778                WaveDAC8_1_VDAC8_SetValue
 .text.WaveDAC8_1_VDAC8_DacTrim
                0x00000784       0x24 .\CortexM3\ARM_GCC_541\Debug\Transmitter.a(WaveDAC8_1_VDAC8.o)
                0x00000784                WaveDAC8_1_VDAC8_DacTrim
 .text.WaveDAC8_1_VDAC8_SetRange
                0x000007a8       0x20 .\CortexM3\ARM_GCC_541\Debug\Transmitter.a(WaveDAC8_1_VDAC8.o)
                0x000007a8                WaveDAC8_1_VDAC8_SetRange
 .text.WaveDAC8_1_VDAC8_Init
                0x000007c8       0x2c .\CortexM3\ARM_GCC_541\Debug\Transmitter.a(WaveDAC8_1_VDAC8.o)
                0x000007c8                WaveDAC8_1_VDAC8_Init
 .text.WaveDAC8_2_Enable
                0x000007f4       0x24 .\CortexM3\ARM_GCC_541\Debug\Transmitter.a(WaveDAC8_2.o)
                0x000007f4                WaveDAC8_2_Enable
 .text.WaveDAC8_2_Wave1Setup
                0x00000818       0x40 .\CortexM3\ARM_GCC_541\Debug\Transmitter.a(WaveDAC8_2.o)
                0x00000818                WaveDAC8_2_Wave1Setup
 .text.WaveDAC8_2_Wave2Setup
                0x00000858       0x40 .\CortexM3\ARM_GCC_541\Debug\Transmitter.a(WaveDAC8_2.o)
                0x00000858                WaveDAC8_2_Wave2Setup
 .text.WaveDAC8_2_Init
                0x00000898       0x3c .\CortexM3\ARM_GCC_541\Debug\Transmitter.a(WaveDAC8_2.o)
                0x00000898                WaveDAC8_2_Init
 .text.WaveDAC8_2_Start
                0x000008d4       0x1c .\CortexM3\ARM_GCC_541\Debug\Transmitter.a(WaveDAC8_2.o)
                0x000008d4                WaveDAC8_2_Start
 .text.UART_1_Init
                0x000008f0       0x24 .\CortexM3\ARM_GCC_541\Debug\Transmitter.a(UART_1.o)
                0x000008f0                UART_1_Init
 .text.UART_1_Enable
                0x00000914       0x38 .\CortexM3\ARM_GCC_541\Debug\Transmitter.a(UART_1.o)
                0x00000914                UART_1_Enable
 .text.UART_1_Start
                0x0000094c       0x1c .\CortexM3\ARM_GCC_541\Debug\Transmitter.a(UART_1.o)
                0x0000094c                UART_1_Start
 .text.UART_1_GetChar
                0x00000968       0x2c .\CortexM3\ARM_GCC_541\Debug\Transmitter.a(UART_1.o)
                0x00000968                UART_1_GetChar
 .text.WaveDAC8_2_Wave1_DMA_DmaInitialize
                0x00000994       0x3c .\CortexM3\ARM_GCC_541\Debug\Transmitter.a(WaveDAC8_2_Wave1_DMA_dma.o)
                0x00000994                WaveDAC8_2_Wave1_DMA_DmaInitialize
 .text.WaveDAC8_2_Wave2_DMA_DmaInitialize
                0x000009d0       0x3c .\CortexM3\ARM_GCC_541\Debug\Transmitter.a(WaveDAC8_2_Wave2_DMA_dma.o)
                0x000009d0                WaveDAC8_2_Wave2_DMA_DmaInitialize
 .text.WaveDAC8_2_VDAC8_Enable
                0x00000a0c       0x1c .\CortexM3\ARM_GCC_541\Debug\Transmitter.a(WaveDAC8_2_VDAC8.o)
                0x00000a0c                WaveDAC8_2_VDAC8_Enable
 .text.WaveDAC8_2_VDAC8_SetSpeed
                0x00000a28       0x1c .\CortexM3\ARM_GCC_541\Debug\Transmitter.a(WaveDAC8_2_VDAC8.o)
                0x00000a28                WaveDAC8_2_VDAC8_SetSpeed
 .text.WaveDAC8_2_VDAC8_SetValue
                0x00000a44        0xc .\CortexM3\ARM_GCC_541\Debug\Transmitter.a(WaveDAC8_2_VDAC8.o)
                0x00000a44                WaveDAC8_2_VDAC8_SetValue
 .text.WaveDAC8_2_VDAC8_DacTrim
                0x00000a50       0x24 .\CortexM3\ARM_GCC_541\Debug\Transmitter.a(WaveDAC8_2_VDAC8.o)
                0x00000a50                WaveDAC8_2_VDAC8_DacTrim
 .text.WaveDAC8_2_VDAC8_SetRange
                0x00000a74       0x20 .\CortexM3\ARM_GCC_541\Debug\Transmitter.a(WaveDAC8_2_VDAC8.o)
                0x00000a74                WaveDAC8_2_VDAC8_SetRange
 .text.WaveDAC8_2_VDAC8_Init
                0x00000a94       0x2c .\CortexM3\ARM_GCC_541\Debug\Transmitter.a(WaveDAC8_2_VDAC8.o)
                0x00000a94                WaveDAC8_2_VDAC8_Init
 .text.UART_1_IntClock_Start
                0x00000ac0       0x1c .\CortexM3\ARM_GCC_541\Debug\Transmitter.a(UART_1_IntClock.o)
                0x00000ac0                UART_1_IntClock_Start
 .text.Clock_1_Start
                0x00000adc       0x1c .\CortexM3\ARM_GCC_541\Debug\Transmitter.a(Clock_1.o)
                0x00000adc                Clock_1_Start
 .text.Clock_2_Start
                0x00000af8       0x1c .\CortexM3\ARM_GCC_541\Debug\Transmitter.a(Clock_2.o)
                0x00000af8                Clock_2_Start
 *fill*         0x00000b14        0x4 
 .text          0x00000b18       0x20 .\CortexM3\ARM_GCC_541\Debug\Transmitter.a(CyBootAsmGnu.o)
                0x00000b18                CyDelayCycles
                0x00000b28                CyEnterCriticalSection
                0x00000b30                CyExitCriticalSection
 .text.__errno  0x00000b38        0xc c:/program files (x86)/cypress/psoc creator/4.1/psoc creator/import/gnu/arm/5.4.1/bin/../lib/gcc/arm-none-eabi/5.4.1/../../../../arm-none-eabi/lib/armv7-m\libg_nano.a(lib_a-errno.o)
                0x00000b38                __errno
 .text.__libc_init_array
                0x00000b44       0x4c c:/program files (x86)/cypress/psoc creator/4.1/psoc creator/import/gnu/arm/5.4.1/bin/../lib/gcc/arm-none-eabi/5.4.1/../../../../arm-none-eabi/lib/armv7-m\libg_nano.a(lib_a-init.o)
                0x00000b44                __libc_init_array
 .text.memcpy   0x00000b90       0x16 c:/program files (x86)/cypress/psoc creator/4.1/psoc creator/import/gnu/arm/5.4.1/bin/../lib/gcc/arm-none-eabi/5.4.1/../../../../arm-none-eabi/lib/armv7-m\libg_nano.a(lib_a-memcpy-stub.o)
                0x00000b90                memcpy
 .text.memset   0x00000ba6       0x10 c:/program files (x86)/cypress/psoc creator/4.1/psoc creator/import/gnu/arm/5.4.1/bin/../lib/gcc/arm-none-eabi/5.4.1/../../../../arm-none-eabi/lib/armv7-m\libg_nano.a(lib_a-memset.o)
                0x00000ba6                memset
 *(.plt)
 *(.gnu.warning)
 *(.glue_7t)
 .glue_7t       0x00000bb6        0x0 linker stubs
 *(.glue_7)
 .glue_7        0x00000bb6        0x0 linker stubs
 *(.vfp11_veneer)
 .vfp11_veneer  0x00000bb6        0x0 linker stubs
 *(.bootloader)
 *(.ARM.extab* .gnu.linkonce.armextab.*)
 *(.gcc_except_table)

.v4_bx          0x00000bb8        0x0
 .v4_bx         0x00000bb8        0x0 linker stubs

.iplt           0x00000bb8        0x0
 .iplt          0x00000bb8        0x0 c:/program files (x86)/cypress/psoc creator/4.1/psoc creator/import/gnu/arm/5.4.1/bin/../lib/gcc/arm-none-eabi/5.4.1/armv7-m/crtbegin.o

.eh_frame_hdr
 *(.eh_frame_hdr)

.eh_frame       0x00000bb8        0x4
 *(.eh_frame)
 .eh_frame      0x00000bb8        0x0 c:/program files (x86)/cypress/psoc creator/4.1/psoc creator/import/gnu/arm/5.4.1/bin/../lib/gcc/arm-none-eabi/5.4.1/armv7-m/crtbegin.o
 .eh_frame      0x00000bb8        0x4 c:/program files (x86)/cypress/psoc creator/4.1/psoc creator/import/gnu/arm/5.4.1/bin/../lib/gcc/arm-none-eabi/5.4.1/armv7-m/crtend.o
                [!provide]                PROVIDE (__exidx_start, .)

.ARM.exidx
 *(.ARM.exidx* .gnu.linkonce.armexidx.*)
                0x00000bbc                __exidx_end = .

.rodata         0x00000bbc      0x204
 *(.rodata .rodata.* .gnu.linkonce.r.*)
 .rodata        0x00000bbc       0x36 .\CortexM3\ARM_GCC_541\Debug\cyfitter_cfg.o
 *fill*         0x00000bf2        0x2 
 .rodata        0x00000bf4       0xc8 .\CortexM3\ARM_GCC_541\Debug\Transmitter.a(WaveDAC8_1.o)
                0x00000bf4                WaveDAC8_1_wave1
                0x00000c58                WaveDAC8_1_wave2
 .rodata        0x00000cbc       0xc8 .\CortexM3\ARM_GCC_541\Debug\Transmitter.a(WaveDAC8_2.o)
                0x00000cbc                WaveDAC8_2_wave1
                0x00000d20                WaveDAC8_2_wave2
 .rodata.str1.1
                0x00000d84        0x2 c:/program files (x86)/cypress/psoc creator/4.1/psoc creator/import/gnu/arm/5.4.1/bin/../lib/gcc/arm-none-eabi/5.4.1/../../../../arm-none-eabi/lib/armv7-m\libg_nano.a(lib_a-impure.o)
                0x00000d88                . = ALIGN (0x4)
 *fill*         0x00000d86        0x2 
 *(.init)
 .init          0x00000d88        0x4 c:/program files (x86)/cypress/psoc creator/4.1/psoc creator/import/gnu/arm/5.4.1/bin/../lib/gcc/arm-none-eabi/5.4.1/armv7-m/crti.o
                0x00000d88                _init
 .init          0x00000d8c        0x8 c:/program files (x86)/cypress/psoc creator/4.1/psoc creator/import/gnu/arm/5.4.1/bin/../lib/gcc/arm-none-eabi/5.4.1/armv7-m/crtn.o
                0x00000d94                . = ALIGN (0x4)
                0x00000d94                __preinit_array_start = .
 *(.preinit_array)
                0x00000d94                __preinit_array_end = .
                0x00000d94                . = ALIGN (0x4)
                0x00000d94                __init_array_start = .
 *(SORT(.init_array.*))
 *(.init_array)
 .init_array    0x00000d94        0x4 c:/program files (x86)/cypress/psoc creator/4.1/psoc creator/import/gnu/arm/5.4.1/bin/../lib/gcc/arm-none-eabi/5.4.1/armv7-m/crtbegin.o
 .init_array    0x00000d98        0x4 .\CortexM3\ARM_GCC_541\Debug\Cm3Start.o
                0x00000d9c                __init_array_end = .
                0x00000d9c                . = ALIGN (0x4)
 *(.fini)
 .fini          0x00000d9c        0x4 c:/program files (x86)/cypress/psoc creator/4.1/psoc creator/import/gnu/arm/5.4.1/bin/../lib/gcc/arm-none-eabi/5.4.1/armv7-m/crti.o
                0x00000d9c                _fini
 .fini          0x00000da0        0x8 c:/program files (x86)/cypress/psoc creator/4.1/psoc creator/import/gnu/arm/5.4.1/bin/../lib/gcc/arm-none-eabi/5.4.1/armv7-m/crtn.o
                0x00000da8                . = ALIGN (0x4)
                0x00000da8                __fini_array_start = .
 *(.fini_array)
 .fini_array    0x00000da8        0x4 c:/program files (x86)/cypress/psoc creator/4.1/psoc creator/import/gnu/arm/5.4.1/bin/../lib/gcc/arm-none-eabi/5.4.1/armv7-m/crtbegin.o
 *(SORT(.fini_array.*))
                0x00000dac                __fini_array_end = .
                0x00000dac                . = ALIGN (0x4)
 *crtbegin.o(.ctors)
 *(EXCLUDE_FILE(*crtend.o) .ctors)
 *(SORT(.ctors.*))
 *crtend.o(.ctors)
                0x00000dac                . = ALIGN (0x4)
 *crtbegin.o(.dtors)
 *(EXCLUDE_FILE(*crtend.o) .dtors)
 *(SORT(.dtors.*))
 *crtend.o(.dtors)
                0x00000dac                . = ALIGN (0x4)
                0x00000dac                __cy_regions = .
                0x00000dac        0x4 LONG 0xdc0 __cy_region_init_ram
                0x00000db0        0x4 LONG 0x1fff80c8 __cy_region_start_data
                0x00000db4        0x4 LONG 0x78 __cy_region_init_size_ram
                0x00000db8        0x4 LONG 0x28 __cy_region_zero_size_ram
                0x00000dbc                __cy_regions_end = .
                0x00000dc0                . = ALIGN (0x8)
 *fill*         0x00000dbc        0x4 
                0x00000dc0                _etext = .

.cy_checksum_exclude
                0x00000dc0        0x0
 *(.cy_checksum_exclude)

.ramvectors     0x1fff8000       0xc0
                0x1fff8000                __cy_region_start_ram = .
 *(.ramvectors)
 .ramvectors    0x1fff8000       0xc0 .\CortexM3\ARM_GCC_541\Debug\Cm3Start.o
                0x1fff8000                CyRamVectors

.noinit         0x1fff80c0        0x1
 *(.noinit)
 .noinit        0x1fff80c0        0x1 .\CortexM3\ARM_GCC_541\Debug\Transmitter.a(CyLib.o)
                0x1fff80c0                CyResetStatus

.data           0x1fff80c8       0x78 load address 0x00000dc0
                0x1fff80c8                __cy_region_start_data = .
 *(.jcr)
 .jcr           0x1fff80c8        0x0 c:/program files (x86)/cypress/psoc creator/4.1/psoc creator/import/gnu/arm/5.4.1/bin/../lib/gcc/arm-none-eabi/5.4.1/armv7-m/crtbegin.o
 .jcr           0x1fff80c8        0x4 c:/program files (x86)/cypress/psoc creator/4.1/psoc creator/import/gnu/arm/5.4.1/bin/../lib/gcc/arm-none-eabi/5.4.1/armv7-m/crtend.o
 *(.got.plt)
 *(.got)
 *(.shdata)
 *(.data .data.* .gnu.linkonce.d.*)
 .data          0x1fff80cc        0x8 .\CortexM3\ARM_GCC_541\Debug\Transmitter.a(CyDmac.o)
 .data          0x1fff80d4        0x1 .\CortexM3\ARM_GCC_541\Debug\Transmitter.a(WaveDAC8_1_Wave1_DMA_dma.o)
                0x1fff80d4                WaveDAC8_1_Wave1_DMA_DmaHandle
 .data          0x1fff80d5        0x1 .\CortexM3\ARM_GCC_541\Debug\Transmitter.a(WaveDAC8_1_Wave2_DMA_dma.o)
                0x1fff80d5                WaveDAC8_1_Wave2_DMA_DmaHandle
 .data          0x1fff80d6        0x1 .\CortexM3\ARM_GCC_541\Debug\Transmitter.a(WaveDAC8_2_Wave1_DMA_dma.o)
                0x1fff80d6                WaveDAC8_2_Wave1_DMA_DmaHandle
 .data          0x1fff80d7        0x1 .\CortexM3\ARM_GCC_541\Debug\Transmitter.a(WaveDAC8_2_Wave2_DMA_dma.o)
                0x1fff80d7                WaveDAC8_2_Wave2_DMA_DmaHandle
 .data.impure_data
                0x1fff80d8       0x60 c:/program files (x86)/cypress/psoc creator/4.1/psoc creator/import/gnu/arm/5.4.1/bin/../lib/gcc/arm-none-eabi/5.4.1/../../../../arm-none-eabi/lib/armv7-m\libg_nano.a(lib_a-impure.o)
 .data._impure_ptr
                0x1fff8138        0x4 c:/program files (x86)/cypress/psoc creator/4.1/psoc creator/import/gnu/arm/5.4.1/bin/../lib/gcc/arm-none-eabi/5.4.1/../../../../arm-none-eabi/lib/armv7-m\libg_nano.a(lib_a-impure.o)
                0x1fff8138                _impure_ptr
                0x1fff8140                . = ALIGN (0x8)
 *fill*         0x1fff813c        0x4 
 *(.ram)
                0x1fff8140                _edata = .

.igot.plt       0x1fff8140        0x0 load address 0x00000e38
 .igot.plt      0x1fff8140        0x0 c:/program files (x86)/cypress/psoc creator/4.1/psoc creator/import/gnu/arm/5.4.1/bin/../lib/gcc/arm-none-eabi/5.4.1/armv7-m/crtbegin.o

.bss            0x1fff8140       0x28 load address 0x00000e38
                0x1fff8140                PROVIDE (__bss_start__, .)
 *(.shbss)
 *(.bss .bss.* .gnu.linkonce.b.*)
 .bss           0x1fff8140       0x1c c:/program files (x86)/cypress/psoc creator/4.1/psoc creator/import/gnu/arm/5.4.1/bin/../lib/gcc/arm-none-eabi/5.4.1/armv7-m/crtbegin.o
 .bss           0x1fff815c        0x5 .\CortexM3\ARM_GCC_541\Debug\Transmitter.a(WaveDAC8_1.o)
                0x1fff8160                WaveDAC8_1_initVar
 .bss           0x1fff8161        0x5 .\CortexM3\ARM_GCC_541\Debug\Transmitter.a(WaveDAC8_2.o)
                0x1fff8165                WaveDAC8_2_initVar
 .bss           0x1fff8166        0x2 .\CortexM3\ARM_GCC_541\Debug\Transmitter.a(UART_1.o)
                0x1fff8166                UART_1_initVar
 *(COMMON)
                0x1fff8168                . = ALIGN (0x8)
 *(.ram.b)
                0x1fff8168                _end = .
                0x1fff8168                __end = .
                0x1fff8168                PROVIDE (end, .)
                0x1fff8168                PROVIDE (__bss_end__, .)
                0x00000dc0                __cy_region_init_ram = LOADADDR (.data)
                0x00000078                __cy_region_init_size_ram = (_edata - ADDR (.data))
                0x00000028                __cy_region_zero_size_ram = (_end - _edata)

.heap           0x1fff8168       0x80 load address 0x00000e38
                0x1fff8168                . = _end
                0x1fff81e8                . = (. + 0x80)
 *fill*         0x1fff8168       0x80 
                0x1fff81e8                __cy_heap_limit = .

.stack          0x20007800      0x800
                0x20007800                __cy_stack_limit = .
                0x20008000                . = (. + 0x800)
 *fill*         0x20007800      0x800 
                0x00000001                ASSERT ((__cy_stack_limit >= __cy_heap_limit), region RAM overflowed with stack)
                0x00000000                cy_checksum_exclude_size = (CY_APPL_LOADABLE == 0x1)?SIZEOF (.cy_checksum_exclude):0x0
                0x00000001                ASSERT ((cy_checksum_exclude_size <= CY_CHECKSUM_EXCLUDE_SIZE), CY_BOOT: Section .cy_checksum_exclude size exceedes specified limit.)

.cyloadermeta
 *(.cyloadermeta)

.cyloadablemeta
 *(.cyloadablemeta)

.cyconfigecc    0x80000000      0x490
 *(.cyconfigecc)
 .cyconfigecc   0x80000000      0x490 .\CortexM3\ARM_GCC_541\Debug\cymetadata.o
                0x80000000                cy_meta_configecc

.cycustnvl      0x90000000        0x4
 *(.cycustnvl)
 .cycustnvl     0x90000000        0x4 .\CortexM3\ARM_GCC_541\Debug\cymetadata.o
                0x90000000                cy_meta_custnvl

.cywolatch      0x90100000        0x4
 *(.cywolatch)
 .cywolatch     0x90100000        0x4 .\CortexM3\ARM_GCC_541\Debug\cymetadata.o
                0x90100000                cy_meta_wonvl

.cyeeprom       0x90200000        0x0
 *(.cyeeprom)
                0x00000001                ASSERT ((. <= ((0x90200000 + ee_offset) + ee_size)), .cyeeprom data will not fit in EEPROM)

.cyflashprotect
                0x90400000      0x100
 *(.cyflashprotect)
 .cyflashprotect
                0x90400000      0x100 .\CortexM3\ARM_GCC_541\Debug\cymetadata.o
                0x90400000                cy_meta_flashprotect

.cymeta         0x90500000        0xc
 *(.cymeta)
 .cymeta        0x90500000        0xc .\CortexM3\ARM_GCC_541\Debug\cymetadata.o
                0x90500000                cy_metadata

.rel.dyn        0x00000e38        0x0 load address 0x9050000c
 .rel.iplt      0x00000e38        0x0 c:/program files (x86)/cypress/psoc creator/4.1/psoc creator/import/gnu/arm/5.4.1/bin/../lib/gcc/arm-none-eabi/5.4.1/armv7-m/crtbegin.o

.stab
 *(.stab)

.stabstr
 *(.stabstr)

.debug
 *(.debug)

.line
 *(.line)

.debug_srcinfo
 *(.debug_srcinfo)

.debug_sfnames
 *(.debug_sfnames)

.debug_aranges  0x00000000      0xa30
 *(.debug_aranges)
 .debug_aranges
                0x00000000       0x20 .\CortexM3\ARM_GCC_541\Debug\main.o
 .debug_aranges
                0x00000020       0x58 .\CortexM3\ARM_GCC_541\Debug\cyfitter_cfg.o
 .debug_aranges
                0x00000078       0x18 .\CortexM3\ARM_GCC_541\Debug\cymetadata.o
 .debug_aranges
                0x00000090       0x48 .\CortexM3\ARM_GCC_541\Debug\Cm3Start.o
 .debug_aranges
                0x000000d8       0xd8 .\CortexM3\ARM_GCC_541\Debug\Transmitter.a(CyDmac.o)
 .debug_aranges
                0x000001b0      0x2a0 .\CortexM3\ARM_GCC_541\Debug\Transmitter.a(CyLib.o)
 .debug_aranges
                0x00000450       0x98 .\CortexM3\ARM_GCC_541\Debug\Transmitter.a(cyPm.o)
 .debug_aranges
                0x000004e8       0x50 .\CortexM3\ARM_GCC_541\Debug\Transmitter.a(WaveDAC8_1.o)
 .debug_aranges
                0x00000538       0x28 .\CortexM3\ARM_GCC_541\Debug\Transmitter.a(WaveDAC8_1_Wave1_DMA_dma.o)
 .debug_aranges
                0x00000560       0x28 .\CortexM3\ARM_GCC_541\Debug\Transmitter.a(WaveDAC8_1_Wave2_DMA_dma.o)
 .debug_aranges
                0x00000588       0x58 .\CortexM3\ARM_GCC_541\Debug\Transmitter.a(WaveDAC8_1_VDAC8.o)
 .debug_aranges
                0x000005e0       0x50 .\CortexM3\ARM_GCC_541\Debug\Transmitter.a(WaveDAC8_2.o)
 .debug_aranges
                0x00000630       0xf0 .\CortexM3\ARM_GCC_541\Debug\Transmitter.a(UART_1.o)
 .debug_aranges
                0x00000720       0x28 .\CortexM3\ARM_GCC_541\Debug\Transmitter.a(WaveDAC8_2_Wave1_DMA_dma.o)
 .debug_aranges
                0x00000748       0x28 .\CortexM3\ARM_GCC_541\Debug\Transmitter.a(WaveDAC8_2_Wave2_DMA_dma.o)
 .debug_aranges
                0x00000770       0x58 .\CortexM3\ARM_GCC_541\Debug\Transmitter.a(WaveDAC8_2_VDAC8.o)
 .debug_aranges
                0x000007c8       0x70 .\CortexM3\ARM_GCC_541\Debug\Transmitter.a(UART_1_IntClock.o)
 .debug_aranges
                0x00000838       0x70 .\CortexM3\ARM_GCC_541\Debug\Transmitter.a(Clock_1.o)
 .debug_aranges
                0x000008a8       0x70 .\CortexM3\ARM_GCC_541\Debug\Transmitter.a(Clock_2.o)
 .debug_aranges
                0x00000918       0x20 .\CortexM3\ARM_GCC_541\Debug\Transmitter.a(CyBootAsmGnu.o)
 .debug_aranges
                0x00000938       0x80 .\CortexM3\ARM_GCC_541\Debug\Transmitter.a(CyFlash.o)
 .debug_aranges
                0x000009b8       0x78 .\CortexM3\ARM_GCC_541\Debug\Transmitter.a(CySpc.o)

.debug_pubnames
 *(.debug_pubnames)

.debug_info     0x00000000     0x609c
 *(.debug_info .gnu.linkonce.wi.*)
 .debug_info    0x00000000      0x180 .\CortexM3\ARM_GCC_541\Debug\main.o
 .debug_info    0x00000180      0x64f .\CortexM3\ARM_GCC_541\Debug\cyfitter_cfg.o
 .debug_info    0x000007cf      0x136 .\CortexM3\ARM_GCC_541\Debug\cymetadata.o
 .debug_info    0x00000905      0x3cf .\CortexM3\ARM_GCC_541\Debug\Cm3Start.o
 .debug_info    0x00000cd4      0x94e .\CortexM3\ARM_GCC_541\Debug\Transmitter.a(CyDmac.o)
 .debug_info    0x00001622     0x1374 .\CortexM3\ARM_GCC_541\Debug\Transmitter.a(CyLib.o)
 .debug_info    0x00002996      0xa2a .\CortexM3\ARM_GCC_541\Debug\Transmitter.a(cyPm.o)
 .debug_info    0x000033c0      0x4db .\CortexM3\ARM_GCC_541\Debug\Transmitter.a(WaveDAC8_1.o)
 .debug_info    0x0000389b      0x1aa .\CortexM3\ARM_GCC_541\Debug\Transmitter.a(WaveDAC8_1_Wave1_DMA_dma.o)
 .debug_info    0x00003a45      0x1a7 .\CortexM3\ARM_GCC_541\Debug\Transmitter.a(WaveDAC8_1_Wave2_DMA_dma.o)
 .debug_info    0x00003bec      0x1de .\CortexM3\ARM_GCC_541\Debug\Transmitter.a(WaveDAC8_1_VDAC8.o)
 .debug_info    0x00003dca      0x4db .\CortexM3\ARM_GCC_541\Debug\Transmitter.a(WaveDAC8_2.o)
 .debug_info    0x000042a5      0x60c .\CortexM3\ARM_GCC_541\Debug\Transmitter.a(UART_1.o)
 .debug_info    0x000048b1      0x1a8 .\CortexM3\ARM_GCC_541\Debug\Transmitter.a(WaveDAC8_2_Wave1_DMA_dma.o)
 .debug_info    0x00004a59      0x1a7 .\CortexM3\ARM_GCC_541\Debug\Transmitter.a(WaveDAC8_2_Wave2_DMA_dma.o)
 .debug_info    0x00004c00      0x1de .\CortexM3\ARM_GCC_541\Debug\Transmitter.a(WaveDAC8_2_VDAC8.o)
 .debug_info    0x00004dde      0x283 .\CortexM3\ARM_GCC_541\Debug\Transmitter.a(UART_1_IntClock.o)
 .debug_info    0x00005061      0x283 .\CortexM3\ARM_GCC_541\Debug\Transmitter.a(Clock_1.o)
 .debug_info    0x000052e4      0x283 .\CortexM3\ARM_GCC_541\Debug\Transmitter.a(Clock_2.o)
 .debug_info    0x00005567       0x94 .\CortexM3\ARM_GCC_541\Debug\Transmitter.a(CyBootAsmGnu.o)
 .debug_info    0x000055fb      0x5b8 .\CortexM3\ARM_GCC_541\Debug\Transmitter.a(CyFlash.o)
 .debug_info    0x00005bb3      0x4e9 .\CortexM3\ARM_GCC_541\Debug\Transmitter.a(CySpc.o)

.debug_abbrev   0x00000000     0x1a66
 *(.debug_abbrev)
 .debug_abbrev  0x00000000       0xb1 .\CortexM3\ARM_GCC_541\Debug\main.o
 .debug_abbrev  0x000000b1      0x20d .\CortexM3\ARM_GCC_541\Debug\cyfitter_cfg.o
 .debug_abbrev  0x000002be       0x77 .\CortexM3\ARM_GCC_541\Debug\cymetadata.o
 .debug_abbrev  0x00000335      0x1e8 .\CortexM3\ARM_GCC_541\Debug\Cm3Start.o
 .debug_abbrev  0x0000051d      0x1b2 .\CortexM3\ARM_GCC_541\Debug\Transmitter.a(CyDmac.o)
 .debug_abbrev  0x000006cf      0x254 .\CortexM3\ARM_GCC_541\Debug\Transmitter.a(CyLib.o)
 .debug_abbrev  0x00000923      0x1ab .\CortexM3\ARM_GCC_541\Debug\Transmitter.a(cyPm.o)
 .debug_abbrev  0x00000ace      0x10b .\CortexM3\ARM_GCC_541\Debug\Transmitter.a(WaveDAC8_1.o)
 .debug_abbrev  0x00000bd9       0xcd .\CortexM3\ARM_GCC_541\Debug\Transmitter.a(WaveDAC8_1_Wave1_DMA_dma.o)
 .debug_abbrev  0x00000ca6       0xcd .\CortexM3\ARM_GCC_541\Debug\Transmitter.a(WaveDAC8_1_Wave2_DMA_dma.o)
 .debug_abbrev  0x00000d73       0xf7 .\CortexM3\ARM_GCC_541\Debug\Transmitter.a(WaveDAC8_1_VDAC8.o)
 .debug_abbrev  0x00000e6a      0x10b .\CortexM3\ARM_GCC_541\Debug\Transmitter.a(WaveDAC8_2.o)
 .debug_abbrev  0x00000f75      0x175 .\CortexM3\ARM_GCC_541\Debug\Transmitter.a(UART_1.o)
 .debug_abbrev  0x000010ea       0xcd .\CortexM3\ARM_GCC_541\Debug\Transmitter.a(WaveDAC8_2_Wave1_DMA_dma.o)
 .debug_abbrev  0x000011b7       0xcd .\CortexM3\ARM_GCC_541\Debug\Transmitter.a(WaveDAC8_2_Wave2_DMA_dma.o)
 .debug_abbrev  0x00001284       0xf7 .\CortexM3\ARM_GCC_541\Debug\Transmitter.a(WaveDAC8_2_VDAC8.o)
 .debug_abbrev  0x0000137b      0x139 .\CortexM3\ARM_GCC_541\Debug\Transmitter.a(UART_1_IntClock.o)
 .debug_abbrev  0x000014b4      0x139 .\CortexM3\ARM_GCC_541\Debug\Transmitter.a(Clock_1.o)
 .debug_abbrev  0x000015ed      0x139 .\CortexM3\ARM_GCC_541\Debug\Transmitter.a(Clock_2.o)
 .debug_abbrev  0x00001726       0x14 .\CortexM3\ARM_GCC_541\Debug\Transmitter.a(CyBootAsmGnu.o)
 .debug_abbrev  0x0000173a      0x198 .\CortexM3\ARM_GCC_541\Debug\Transmitter.a(CyFlash.o)
 .debug_abbrev  0x000018d2      0x194 .\CortexM3\ARM_GCC_541\Debug\Transmitter.a(CySpc.o)

.debug_line     0x00000000     0x27f6
 *(.debug_line)
 .debug_line    0x00000000      0x1b2 .\CortexM3\ARM_GCC_541\Debug\main.o
 .debug_line    0x000001b2      0x202 .\CortexM3\ARM_GCC_541\Debug\cyfitter_cfg.o
 .debug_line    0x000003b4      0x141 .\CortexM3\ARM_GCC_541\Debug\cymetadata.o
 .debug_line    0x000004f5      0x241 .\CortexM3\ARM_GCC_541\Debug\Cm3Start.o
 .debug_line    0x00000736      0x2e4 .\CortexM3\ARM_GCC_541\Debug\Transmitter.a(CyDmac.o)
 .debug_line    0x00000a1a      0x816 .\CortexM3\ARM_GCC_541\Debug\Transmitter.a(CyLib.o)
 .debug_line    0x00001230      0x367 .\CortexM3\ARM_GCC_541\Debug\Transmitter.a(cyPm.o)
 .debug_line    0x00001597      0x147 .\CortexM3\ARM_GCC_541\Debug\Transmitter.a(WaveDAC8_1.o)
 .debug_line    0x000016de       0x91 .\CortexM3\ARM_GCC_541\Debug\Transmitter.a(WaveDAC8_1_Wave1_DMA_dma.o)
 .debug_line    0x0000176f       0x91 .\CortexM3\ARM_GCC_541\Debug\Transmitter.a(WaveDAC8_1_Wave2_DMA_dma.o)
 .debug_line    0x00001800       0xec .\CortexM3\ARM_GCC_541\Debug\Transmitter.a(WaveDAC8_1_VDAC8.o)
 .debug_line    0x000018ec      0x147 .\CortexM3\ARM_GCC_541\Debug\Transmitter.a(WaveDAC8_2.o)
 .debug_line    0x00001a33      0x2c0 .\CortexM3\ARM_GCC_541\Debug\Transmitter.a(UART_1.o)
 .debug_line    0x00001cf3       0x91 .\CortexM3\ARM_GCC_541\Debug\Transmitter.a(WaveDAC8_2_Wave1_DMA_dma.o)
 .debug_line    0x00001d84       0x91 .\CortexM3\ARM_GCC_541\Debug\Transmitter.a(WaveDAC8_2_Wave2_DMA_dma.o)
 .debug_line    0x00001e15       0xec .\CortexM3\ARM_GCC_541\Debug\Transmitter.a(WaveDAC8_2_VDAC8.o)
 .debug_line    0x00001f01      0x17e .\CortexM3\ARM_GCC_541\Debug\Transmitter.a(UART_1_IntClock.o)
 .debug_line    0x0000207f      0x176 .\CortexM3\ARM_GCC_541\Debug\Transmitter.a(Clock_1.o)
 .debug_line    0x000021f5      0x176 .\CortexM3\ARM_GCC_541\Debug\Transmitter.a(Clock_2.o)
 .debug_line    0x0000236b       0x66 .\CortexM3\ARM_GCC_541\Debug\Transmitter.a(CyBootAsmGnu.o)
 .debug_line    0x000023d1      0x1e9 .\CortexM3\ARM_GCC_541\Debug\Transmitter.a(CyFlash.o)
 .debug_line    0x000025ba      0x23c .\CortexM3\ARM_GCC_541\Debug\Transmitter.a(CySpc.o)

.debug_frame    0x00000000     0x19e8
 *(.debug_frame)
 .debug_frame   0x00000000       0x2c .\CortexM3\ARM_GCC_541\Debug\main.o
 .debug_frame   0x0000002c       0xe4 .\CortexM3\ARM_GCC_541\Debug\cyfitter_cfg.o
 .debug_frame   0x00000110       0xb8 .\CortexM3\ARM_GCC_541\Debug\Cm3Start.o
 .debug_frame   0x000001c8      0x1f8 .\CortexM3\ARM_GCC_541\Debug\Transmitter.a(CyDmac.o)
 .debug_frame   0x000003c0      0x738 .\CortexM3\ARM_GCC_541\Debug\Transmitter.a(CyLib.o)
 .debug_frame   0x00000af8      0x1f8 .\CortexM3\ARM_GCC_541\Debug\Transmitter.a(cyPm.o)
 .debug_frame   0x00000cf0       0xe0 .\CortexM3\ARM_GCC_541\Debug\Transmitter.a(WaveDAC8_1.o)
 .debug_frame   0x00000dd0       0x54 .\CortexM3\ARM_GCC_541\Debug\Transmitter.a(WaveDAC8_1_Wave1_DMA_dma.o)
 .debug_frame   0x00000e24       0x54 .\CortexM3\ARM_GCC_541\Debug\Transmitter.a(WaveDAC8_1_Wave2_DMA_dma.o)
 .debug_frame   0x00000e78       0xb4 .\CortexM3\ARM_GCC_541\Debug\Transmitter.a(WaveDAC8_1_VDAC8.o)
 .debug_frame   0x00000f2c       0xe0 .\CortexM3\ARM_GCC_541\Debug\Transmitter.a(WaveDAC8_2.o)
 .debug_frame   0x0000100c      0x250 .\CortexM3\ARM_GCC_541\Debug\Transmitter.a(UART_1.o)
 .debug_frame   0x0000125c       0x54 .\CortexM3\ARM_GCC_541\Debug\Transmitter.a(WaveDAC8_2_Wave1_DMA_dma.o)
 .debug_frame   0x000012b0       0x54 .\CortexM3\ARM_GCC_541\Debug\Transmitter.a(WaveDAC8_2_Wave2_DMA_dma.o)
 .debug_frame   0x00001304       0xb4 .\CortexM3\ARM_GCC_541\Debug\Transmitter.a(WaveDAC8_2_VDAC8.o)
 .debug_frame   0x000013b8       0xe0 .\CortexM3\ARM_GCC_541\Debug\Transmitter.a(UART_1_IntClock.o)
 .debug_frame   0x00001498       0xe0 .\CortexM3\ARM_GCC_541\Debug\Transmitter.a(Clock_1.o)
 .debug_frame   0x00001578       0xe0 .\CortexM3\ARM_GCC_541\Debug\Transmitter.a(Clock_2.o)
 .debug_frame   0x00001658      0x174 .\CortexM3\ARM_GCC_541\Debug\Transmitter.a(CyFlash.o)
 .debug_frame   0x000017cc      0x160 .\CortexM3\ARM_GCC_541\Debug\Transmitter.a(CySpc.o)
 .debug_frame   0x0000192c       0x20 c:/program files (x86)/cypress/psoc creator/4.1/psoc creator/import/gnu/arm/5.4.1/bin/../lib/gcc/arm-none-eabi/5.4.1/../../../../arm-none-eabi/lib/armv7-m\libg_nano.a(lib_a-errno.o)
 .debug_frame   0x0000194c       0x28 c:/program files (x86)/cypress/psoc creator/4.1/psoc creator/import/gnu/arm/5.4.1/bin/../lib/gcc/arm-none-eabi/5.4.1/../../../../arm-none-eabi/lib/armv7-m\libg_nano.a(lib_a-exit.o)
 .debug_frame   0x00001974       0x2c c:/program files (x86)/cypress/psoc creator/4.1/psoc creator/import/gnu/arm/5.4.1/bin/../lib/gcc/arm-none-eabi/5.4.1/../../../../arm-none-eabi/lib/armv7-m\libg_nano.a(lib_a-init.o)
 .debug_frame   0x000019a0       0x28 c:/program files (x86)/cypress/psoc creator/4.1/psoc creator/import/gnu/arm/5.4.1/bin/../lib/gcc/arm-none-eabi/5.4.1/../../../../arm-none-eabi/lib/armv7-m\libg_nano.a(lib_a-memcpy-stub.o)
 .debug_frame   0x000019c8       0x20 c:/program files (x86)/cypress/psoc creator/4.1/psoc creator/import/gnu/arm/5.4.1/bin/../lib/gcc/arm-none-eabi/5.4.1/../../../../arm-none-eabi/lib/armv7-m\libg_nano.a(lib_a-memset.o)

.debug_str      0x00000000     0x241d
 *(.debug_str)
 .debug_str     0x00000000      0x1df .\CortexM3\ARM_GCC_541\Debug\main.o
                                0x227 (size before relaxing)
 .debug_str     0x000001df      0x1af .\CortexM3\ARM_GCC_541\Debug\cyfitter_cfg.o
                                0x348 (size before relaxing)
 .debug_str     0x0000038e       0x7f .\CortexM3\ARM_GCC_541\Debug\cymetadata.o
                                0x1e8 (size before relaxing)
 .debug_str     0x0000040d      0x154 .\CortexM3\ARM_GCC_541\Debug\Cm3Start.o
                                0x31e (size before relaxing)
 .debug_str     0x00000561      0x392 .\CortexM3\ARM_GCC_541\Debug\Transmitter.a(CyDmac.o)
                                0x54e (size before relaxing)
 .debug_str     0x000008f3      0x7f9 .\CortexM3\ARM_GCC_541\Debug\Transmitter.a(CyLib.o)
                                0xa4b (size before relaxing)
 .debug_str     0x000010ec      0x365 .\CortexM3\ARM_GCC_541\Debug\Transmitter.a(cyPm.o)
                                0x737 (size before relaxing)
 .debug_str     0x00001451      0x22f .\CortexM3\ARM_GCC_541\Debug\Transmitter.a(WaveDAC8_1.o)
                                0x43e (size before relaxing)
 .debug_str     0x00001680       0xac .\CortexM3\ARM_GCC_541\Debug\Transmitter.a(WaveDAC8_1_Wave1_DMA_dma.o)
                                0x2ac (size before relaxing)
 .debug_str     0x0000172c       0x71 .\CortexM3\ARM_GCC_541\Debug\Transmitter.a(WaveDAC8_1_Wave2_DMA_dma.o)
                                0x2ac (size before relaxing)
 .debug_str     0x0000179d       0x7f .\CortexM3\ARM_GCC_541\Debug\Transmitter.a(WaveDAC8_1_VDAC8.o)
                                0x291 (size before relaxing)
 .debug_str     0x0000181c      0x1f2 .\CortexM3\ARM_GCC_541\Debug\Transmitter.a(WaveDAC8_2.o)
                                0x43e (size before relaxing)
 .debug_str     0x00001a0e      0x2c9 .\CortexM3\ARM_GCC_541\Debug\Transmitter.a(UART_1.o)
                                0x4b7 (size before relaxing)
 .debug_str     0x00001cd7       0x71 .\CortexM3\ARM_GCC_541\Debug\Transmitter.a(WaveDAC8_2_Wave1_DMA_dma.o)
                                0x2ac (size before relaxing)
 .debug_str     0x00001d48       0x71 .\CortexM3\ARM_GCC_541\Debug\Transmitter.a(WaveDAC8_2_Wave2_DMA_dma.o)
                                0x2ac (size before relaxing)
 .debug_str     0x00001db9       0x73 .\CortexM3\ARM_GCC_541\Debug\Transmitter.a(WaveDAC8_2_VDAC8.o)
                                0x291 (size before relaxing)
 .debug_str     0x00001e2c      0x197 .\CortexM3\ARM_GCC_541\Debug\Transmitter.a(UART_1_IntClock.o)
                                0x352 (size before relaxing)
 .debug_str     0x00001fc3      0x109 .\CortexM3\ARM_GCC_541\Debug\Transmitter.a(Clock_1.o)
                                0x2f2 (size before relaxing)
 .debug_str     0x000020cc      0x109 .\CortexM3\ARM_GCC_541\Debug\Transmitter.a(Clock_2.o)
                                0x2f2 (size before relaxing)
 .debug_str     0x000021d5      0x19c .\CortexM3\ARM_GCC_541\Debug\Transmitter.a(CyFlash.o)
                                0x3a5 (size before relaxing)
 .debug_str     0x00002371       0xac .\CortexM3\ARM_GCC_541\Debug\Transmitter.a(CySpc.o)
                                0x32e (size before relaxing)

.debug_loc      0x00000000     0x2f6c
 *(.debug_loc)
 .debug_loc     0x00000000      0x25a .\CortexM3\ARM_GCC_541\Debug\cyfitter_cfg.o
 .debug_loc     0x0000025a      0x144 .\CortexM3\ARM_GCC_541\Debug\Cm3Start.o
 .debug_loc     0x0000039e      0xb8e .\CortexM3\ARM_GCC_541\Debug\Transmitter.a(CyDmac.o)
 .debug_loc     0x00000f2c      0xa11 .\CortexM3\ARM_GCC_541\Debug\Transmitter.a(CyLib.o)
 .debug_loc     0x0000193d      0x1e4 .\CortexM3\ARM_GCC_541\Debug\Transmitter.a(cyPm.o)
 .debug_loc     0x00001b21      0x11b .\CortexM3\ARM_GCC_541\Debug\Transmitter.a(WaveDAC8_1.o)
 .debug_loc     0x00001c3c       0x84 .\CortexM3\ARM_GCC_541\Debug\Transmitter.a(WaveDAC8_1_Wave1_DMA_dma.o)
 .debug_loc     0x00001cc0       0x84 .\CortexM3\ARM_GCC_541\Debug\Transmitter.a(WaveDAC8_1_Wave2_DMA_dma.o)
 .debug_loc     0x00001d44       0x79 .\CortexM3\ARM_GCC_541\Debug\Transmitter.a(WaveDAC8_1_VDAC8.o)
 .debug_loc     0x00001dbd      0x11b .\CortexM3\ARM_GCC_541\Debug\Transmitter.a(WaveDAC8_2.o)
 .debug_loc     0x00001ed8      0x258 .\CortexM3\ARM_GCC_541\Debug\Transmitter.a(UART_1.o)
 .debug_loc     0x00002130       0x84 .\CortexM3\ARM_GCC_541\Debug\Transmitter.a(WaveDAC8_2_Wave1_DMA_dma.o)
 .debug_loc     0x000021b4       0x84 .\CortexM3\ARM_GCC_541\Debug\Transmitter.a(WaveDAC8_2_Wave2_DMA_dma.o)
 .debug_loc     0x00002238       0x79 .\CortexM3\ARM_GCC_541\Debug\Transmitter.a(WaveDAC8_2_VDAC8.o)
 .debug_loc     0x000022b1      0x128 .\CortexM3\ARM_GCC_541\Debug\Transmitter.a(UART_1_IntClock.o)
 .debug_loc     0x000023d9      0x12c .\CortexM3\ARM_GCC_541\Debug\Transmitter.a(Clock_1.o)
 .debug_loc     0x00002505      0x128 .\CortexM3\ARM_GCC_541\Debug\Transmitter.a(Clock_2.o)
 .debug_loc     0x0000262d      0x2f2 .\CortexM3\ARM_GCC_541\Debug\Transmitter.a(CyFlash.o)
 .debug_loc     0x0000291f      0x64d .\CortexM3\ARM_GCC_541\Debug\Transmitter.a(CySpc.o)

.debug_macinfo
 *(.debug_macinfo)

.debug_ranges   0x00000000      0x8b8
 *(.debug_ranges)
 .debug_ranges  0x00000000       0x10 .\CortexM3\ARM_GCC_541\Debug\main.o
 .debug_ranges  0x00000010       0x48 .\CortexM3\ARM_GCC_541\Debug\cyfitter_cfg.o
 .debug_ranges  0x00000058       0x38 .\CortexM3\ARM_GCC_541\Debug\Cm3Start.o
 .debug_ranges  0x00000090       0xc8 .\CortexM3\ARM_GCC_541\Debug\Transmitter.a(CyDmac.o)
 .debug_ranges  0x00000158      0x290 .\CortexM3\ARM_GCC_541\Debug\Transmitter.a(CyLib.o)
 .debug_ranges  0x000003e8       0x88 .\CortexM3\ARM_GCC_541\Debug\Transmitter.a(cyPm.o)
 .debug_ranges  0x00000470       0x40 .\CortexM3\ARM_GCC_541\Debug\Transmitter.a(WaveDAC8_1.o)
 .debug_ranges  0x000004b0       0x18 .\CortexM3\ARM_GCC_541\Debug\Transmitter.a(WaveDAC8_1_Wave1_DMA_dma.o)
 .debug_ranges  0x000004c8       0x18 .\CortexM3\ARM_GCC_541\Debug\Transmitter.a(WaveDAC8_1_Wave2_DMA_dma.o)
 .debug_ranges  0x000004e0       0x48 .\CortexM3\ARM_GCC_541\Debug\Transmitter.a(WaveDAC8_1_VDAC8.o)
 .debug_ranges  0x00000528       0x40 .\CortexM3\ARM_GCC_541\Debug\Transmitter.a(WaveDAC8_2.o)
 .debug_ranges  0x00000568       0xe0 .\CortexM3\ARM_GCC_541\Debug\Transmitter.a(UART_1.o)
 .debug_ranges  0x00000648       0x18 .\CortexM3\ARM_GCC_541\Debug\Transmitter.a(WaveDAC8_2_Wave1_DMA_dma.o)
 .debug_ranges  0x00000660       0x18 .\CortexM3\ARM_GCC_541\Debug\Transmitter.a(WaveDAC8_2_Wave2_DMA_dma.o)
 .debug_ranges  0x00000678       0x48 .\CortexM3\ARM_GCC_541\Debug\Transmitter.a(WaveDAC8_2_VDAC8.o)
 .debug_ranges  0x000006c0       0x60 .\CortexM3\ARM_GCC_541\Debug\Transmitter.a(UART_1_IntClock.o)
 .debug_ranges  0x00000720       0x60 .\CortexM3\ARM_GCC_541\Debug\Transmitter.a(Clock_1.o)
 .debug_ranges  0x00000780       0x60 .\CortexM3\ARM_GCC_541\Debug\Transmitter.a(Clock_2.o)
 .debug_ranges  0x000007e0       0x70 .\CortexM3\ARM_GCC_541\Debug\Transmitter.a(CyFlash.o)
 .debug_ranges  0x00000850       0x68 .\CortexM3\ARM_GCC_541\Debug\Transmitter.a(CySpc.o)

.comment        0x00000000       0x6e
 .comment       0x00000000       0x6e .\CortexM3\ARM_GCC_541\Debug\main.o
                                 0x6f (size before relaxing)
 .comment       0x0000006e       0x6f .\CortexM3\ARM_GCC_541\Debug\cyfitter_cfg.o
 .comment       0x0000006e       0x6f .\CortexM3\ARM_GCC_541\Debug\cymetadata.o
 .comment       0x0000006e       0x6f .\CortexM3\ARM_GCC_541\Debug\Cm3Start.o
 .comment       0x0000006e       0x6f .\CortexM3\ARM_GCC_541\Debug\Transmitter.a(CyDmac.o)
 .comment       0x0000006e       0x6f .\CortexM3\ARM_GCC_541\Debug\Transmitter.a(CyLib.o)
 .comment       0x0000006e       0x6f .\CortexM3\ARM_GCC_541\Debug\Transmitter.a(cyPm.o)
 .comment       0x0000006e       0x6f .\CortexM3\ARM_GCC_541\Debug\Transmitter.a(WaveDAC8_1.o)
 .comment       0x0000006e       0x6f .\CortexM3\ARM_GCC_541\Debug\Transmitter.a(WaveDAC8_1_Wave1_DMA_dma.o)
 .comment       0x0000006e       0x6f .\CortexM3\ARM_GCC_541\Debug\Transmitter.a(WaveDAC8_1_Wave2_DMA_dma.o)
 .comment       0x0000006e       0x6f .\CortexM3\ARM_GCC_541\Debug\Transmitter.a(WaveDAC8_1_VDAC8.o)
 .comment       0x0000006e       0x6f .\CortexM3\ARM_GCC_541\Debug\Transmitter.a(WaveDAC8_2.o)
 .comment       0x0000006e       0x6f .\CortexM3\ARM_GCC_541\Debug\Transmitter.a(UART_1.o)
 .comment       0x0000006e       0x6f .\CortexM3\ARM_GCC_541\Debug\Transmitter.a(WaveDAC8_2_Wave1_DMA_dma.o)
 .comment       0x0000006e       0x6f .\CortexM3\ARM_GCC_541\Debug\Transmitter.a(WaveDAC8_2_Wave2_DMA_dma.o)
 .comment       0x0000006e       0x6f .\CortexM3\ARM_GCC_541\Debug\Transmitter.a(WaveDAC8_2_VDAC8.o)
 .comment       0x0000006e       0x6f .\CortexM3\ARM_GCC_541\Debug\Transmitter.a(UART_1_IntClock.o)
 .comment       0x0000006e       0x6f .\CortexM3\ARM_GCC_541\Debug\Transmitter.a(Clock_1.o)
 .comment       0x0000006e       0x6f .\CortexM3\ARM_GCC_541\Debug\Transmitter.a(Clock_2.o)
 .comment       0x0000006e       0x6f .\CortexM3\ARM_GCC_541\Debug\Transmitter.a(CyFlash.o)
 .comment       0x0000006e       0x6f .\CortexM3\ARM_GCC_541\Debug\Transmitter.a(CySpc.o)

.debug_weaknames
 *(.debug_weaknames)

.debug_funcnames
 *(.debug_funcnames)

.debug_typenames
 *(.debug_typenames)

.debug_varnames
 *(.debug_varnames)

.note.gnu.arm.ident
 *(.note.gnu.arm.ident)

.ARM.attributes
                0x00000000       0x29
 *(.ARM.attributes)
 .ARM.attributes
                0x00000000       0x1d c:/program files (x86)/cypress/psoc creator/4.1/psoc creator/import/gnu/arm/5.4.1/bin/../lib/gcc/arm-none-eabi/5.4.1/armv7-m/crti.o
 .ARM.attributes
                0x0000001d       0x2d c:/program files (x86)/cypress/psoc creator/4.1/psoc creator/import/gnu/arm/5.4.1/bin/../lib/gcc/arm-none-eabi/5.4.1/armv7-m/crtbegin.o
 .ARM.attributes
                0x0000004a       0x1b c:/program files (x86)/cypress/psoc creator/4.1/psoc creator/import/gnu/arm/5.4.1/bin/../lib/gcc/arm-none-eabi/5.4.1/../../../../arm-none-eabi/lib/armv7-m/crt0.o
 .ARM.attributes
                0x00000065       0x33 .\CortexM3\ARM_GCC_541\Debug\main.o
 .ARM.attributes
                0x00000098       0x33 .\CortexM3\ARM_GCC_541\Debug\cyfitter_cfg.o
 .ARM.attributes
                0x000000cb       0x33 .\CortexM3\ARM_GCC_541\Debug\cymetadata.o
 .ARM.attributes
                0x000000fe       0x33 .\CortexM3\ARM_GCC_541\Debug\Cm3Start.o
 .ARM.attributes
                0x00000131       0x33 .\CortexM3\ARM_GCC_541\Debug\Transmitter.a(CyDmac.o)
 .ARM.attributes
                0x00000164       0x33 .\CortexM3\ARM_GCC_541\Debug\Transmitter.a(CyLib.o)
 .ARM.attributes
                0x00000197       0x33 .\CortexM3\ARM_GCC_541\Debug\Transmitter.a(cyPm.o)
 .ARM.attributes
                0x000001ca       0x33 .\CortexM3\ARM_GCC_541\Debug\Transmitter.a(WaveDAC8_1.o)
 .ARM.attributes
                0x000001fd       0x33 .\CortexM3\ARM_GCC_541\Debug\Transmitter.a(WaveDAC8_1_Wave1_DMA_dma.o)
 .ARM.attributes
                0x00000230       0x33 .\CortexM3\ARM_GCC_541\Debug\Transmitter.a(WaveDAC8_1_Wave2_DMA_dma.o)
 .ARM.attributes
                0x00000263       0x33 .\CortexM3\ARM_GCC_541\Debug\Transmitter.a(WaveDAC8_1_VDAC8.o)
 .ARM.attributes
                0x00000296       0x33 .\CortexM3\ARM_GCC_541\Debug\Transmitter.a(WaveDAC8_2.o)
 .ARM.attributes
                0x000002c9       0x33 .\CortexM3\ARM_GCC_541\Debug\Transmitter.a(UART_1.o)
 .ARM.attributes
                0x000002fc       0x33 .\CortexM3\ARM_GCC_541\Debug\Transmitter.a(WaveDAC8_2_Wave1_DMA_dma.o)
 .ARM.attributes
                0x0000032f       0x33 .\CortexM3\ARM_GCC_541\Debug\Transmitter.a(WaveDAC8_2_Wave2_DMA_dma.o)
 .ARM.attributes
                0x00000362       0x33 .\CortexM3\ARM_GCC_541\Debug\Transmitter.a(WaveDAC8_2_VDAC8.o)
 .ARM.attributes
                0x00000395       0x33 .\CortexM3\ARM_GCC_541\Debug\Transmitter.a(UART_1_IntClock.o)
 .ARM.attributes
                0x000003c8       0x33 .\CortexM3\ARM_GCC_541\Debug\Transmitter.a(Clock_1.o)
 .ARM.attributes
                0x000003fb       0x33 .\CortexM3\ARM_GCC_541\Debug\Transmitter.a(Clock_2.o)
 .ARM.attributes
                0x0000042e       0x21 .\CortexM3\ARM_GCC_541\Debug\Transmitter.a(CyBootAsmGnu.o)
 .ARM.attributes
                0x0000044f       0x33 .\CortexM3\ARM_GCC_541\Debug\Transmitter.a(CyFlash.o)
 .ARM.attributes
                0x00000482       0x33 .\CortexM3\ARM_GCC_541\Debug\Transmitter.a(CySpc.o)
 .ARM.attributes
                0x000004b5       0x2d c:/program files (x86)/cypress/psoc creator/4.1/psoc creator/import/gnu/arm/5.4.1/bin/../lib/gcc/arm-none-eabi/5.4.1/../../../../arm-none-eabi/lib/armv7-m\libg_nano.a(lib_a-errno.o)
 .ARM.attributes
                0x000004e2       0x2d c:/program files (x86)/cypress/psoc creator/4.1/psoc creator/import/gnu/arm/5.4.1/bin/../lib/gcc/arm-none-eabi/5.4.1/../../../../arm-none-eabi/lib/armv7-m\libg_nano.a(lib_a-exit.o)
 .ARM.attributes
                0x0000050f       0x2d c:/program files (x86)/cypress/psoc creator/4.1/psoc creator/import/gnu/arm/5.4.1/bin/../lib/gcc/arm-none-eabi/5.4.1/../../../../arm-none-eabi/lib/armv7-m\libg_nano.a(lib_a-impure.o)
 .ARM.attributes
                0x0000053c       0x2d c:/program files (x86)/cypress/psoc creator/4.1/psoc creator/import/gnu/arm/5.4.1/bin/../lib/gcc/arm-none-eabi/5.4.1/../../../../arm-none-eabi/lib/armv7-m\libg_nano.a(lib_a-init.o)
 .ARM.attributes
                0x00000569       0x2d c:/program files (x86)/cypress/psoc creator/4.1/psoc creator/import/gnu/arm/5.4.1/bin/../lib/gcc/arm-none-eabi/5.4.1/../../../../arm-none-eabi/lib/armv7-m\libg_nano.a(lib_a-memcpy-stub.o)
 .ARM.attributes
                0x00000596       0x2d c:/program files (x86)/cypress/psoc creator/4.1/psoc creator/import/gnu/arm/5.4.1/bin/../lib/gcc/arm-none-eabi/5.4.1/../../../../arm-none-eabi/lib/armv7-m\libg_nano.a(lib_a-memset.o)
 .ARM.attributes
                0x000005c3       0x2d c:/program files (x86)/cypress/psoc creator/4.1/psoc creator/import/gnu/arm/5.4.1/bin/../lib/gcc/arm-none-eabi/5.4.1/armv7-m/crtend.o
 .ARM.attributes
                0x000005f0       0x1d c:/program files (x86)/cypress/psoc creator/4.1/psoc creator/import/gnu/arm/5.4.1/bin/../lib/gcc/arm-none-eabi/5.4.1/armv7-m/crtn.o

/DISCARD/
 *(.note.GNU-stack)
OUTPUT(C:\Users\lopezgui\Documents\PSoC Creator\Proyecto_1\Transmitter.cydsn\CortexM3\ARM_GCC_541\Debug\Transmitter.elf elf32-littlearm)
